Copyright 1986-2022 Xilinx, Inc. All Rights Reserved. Copyright 2022-2025 Advanced Micro Devices, Inc. All Rights Reserved.
---------------------------------------------------------------------------------------------------------------------------------------------------------------------------------------------------------------------
| Tool Version : Vivado v.2025.2 (lin64) Build 6299465 Fri Nov 14 12:34:56 MST 2025
| Date         : Tue Jun 16 00:55:13 2026
| Host         : Ruby-Legion5 running 64-bit Fedora Linux 44 (Workstation Edition)
| Command      : report_timing_summary -max_paths 10 -routable_nets -report_unconstrained -file top_timing_summary_routed.rpt -pb top_timing_summary_routed.pb -rpx top_timing_summary_routed.rpx -warn_on_violation
| Design       : top
| Device       : 7z020-clg484
| Speed File   : -1  PRODUCTION 1.12 2019-11-22
| Design State : Routed
---------------------------------------------------------------------------------------------------------------------------------------------------------------------------------------------------------------------

Timing Summary Report

------------------------------------------------------------------------------------------------
| Timer Settings
| --------------
------------------------------------------------------------------------------------------------

  Enable Multi Corner Analysis               :  Yes
  Enable Pessimism Removal                   :  Yes
  Pessimism Removal Resolution               :  Nearest Common Node
  Enable Input Delay Default Clock           :  No
  Enable Preset / Clear Arcs                 :  No
  Disable Flight Delays                      :  No
  Ignore I/O Paths                           :  No
  Timing Early Launch at Borrowing Latches   :  No
  Borrow Time for Max Delay Exceptions       :  Yes
  Merge Timing Exceptions                    :  Yes
  Inter-SLR Compensation                     :  Conservative

  Corner  Analyze    Analyze    
  Name    Max Paths  Min Paths  
  ------  ---------  ---------  
  Slow    Yes        Yes        
  Fast    Yes        Yes        


------------------------------------------------------------------------------------------------
| Report Methodology
| ------------------
------------------------------------------------------------------------------------------------

Rule       Severity          Description                  Violations  
---------  ----------------  ---------------------------  ----------  
TIMING-17  Critical Warning  Non-clocked sequential cell  13          

Note: This report is based on the most recent report_methodology run and may not be up-to-date. Run report_methodology on the current design for the latest report.



check_timing report

Table of Contents
-----------------
1. checking no_clock (13)
2. checking constant_clock (0)
3. checking pulse_width_clock (0)
4. checking unconstrained_internal_endpoints (30)
5. checking no_input_delay (1)
6. checking no_output_delay (2)
7. checking multiple_clock (0)
8. checking generated_clocks (0)
9. checking loops (0)
10. checking partial_input_delay (0)
11. checking partial_output_delay (0)
12. checking latch_loops (0)

1. checking no_clock (13)
-------------------------
 There are 13 register/latch pins with no clock driven by root clock pin: clk (HIGH)


2. checking constant_clock (0)
------------------------------
 There are 0 register/latch pins with constant_clock.


3. checking pulse_width_clock (0)
---------------------------------
 There are 0 register/latch pins which need pulse_width check


4. checking unconstrained_internal_endpoints (30)
-------------------------------------------------
 There are 30 pins that are not constrained for maximum delay. (HIGH)

 There are 0 pins that are not constrained for maximum delay due to constant clock.


5. checking no_input_delay (1)
------------------------------
 There is 1 input port with no input delay specified. (HIGH)

 There are 0 input ports with no input delay but user has a false path constraint.


6. checking no_output_delay (2)
-------------------------------
 There are 2 ports with no output delay specified. (HIGH)

 There are 0 ports with no output delay but user has a false path constraint

 There are 0 ports with no output delay but with a timing clock defined on it or propagating through it


7. checking multiple_clock (0)
------------------------------
 There are 0 register/latch pins with multiple clocks.


8. checking generated_clocks (0)
--------------------------------
 There are 0 generated clocks that are not connected to a clock source.


9. checking loops (0)
---------------------
 There are 0 combinational loops in the design.


10. checking partial_input_delay (0)
------------------------------------
 There are 0 input ports with partial input delay specified.


11. checking partial_output_delay (0)
-------------------------------------
 There are 0 ports with partial output delay specified.


12. checking latch_loops (0)
----------------------------
 There are 0 combinational latch loops in the design through latch input



------------------------------------------------------------------------------------------------
| Design Timing Summary
| ---------------------
------------------------------------------------------------------------------------------------

    WNS(ns)      TNS(ns)  TNS Failing Endpoints  TNS Total Endpoints      WHS(ns)      THS(ns)  THS Failing Endpoints  THS Total Endpoints     WPWS(ns)     TPWS(ns)  TPWS Failing Endpoints  TPWS Total Endpoints  
    -------      -------  ---------------------  -------------------      -------      -------  ---------------------  -------------------     --------     --------  ----------------------  --------------------  
        inf        0.000                      0                   32          inf        0.000                      0                   32           NA           NA                      NA                    NA  


There are no user specified timing constraints.


------------------------------------------------------------------------------------------------
| Clock Summary
| -------------
------------------------------------------------------------------------------------------------


------------------------------------------------------------------------------------------------
| Intra Clock Table
| -----------------
------------------------------------------------------------------------------------------------

Clock             WNS(ns)      TNS(ns)  TNS Failing Endpoints  TNS Total Endpoints      WHS(ns)      THS(ns)  THS Failing Endpoints  THS Total Endpoints     WPWS(ns)     TPWS(ns)  TPWS Failing Endpoints  TPWS Total Endpoints  
-----             -------      -------  ---------------------  -------------------      -------      -------  ---------------------  -------------------     --------     --------  ----------------------  --------------------  


------------------------------------------------------------------------------------------------
| Inter Clock Table
| -----------------
------------------------------------------------------------------------------------------------

From Clock    To Clock          WNS(ns)      TNS(ns)  TNS Failing Endpoints  TNS Total Endpoints      WHS(ns)      THS(ns)  THS Failing Endpoints  THS Total Endpoints  
----------    --------          -------      -------  ---------------------  -------------------      -------      -------  ---------------------  -------------------  


------------------------------------------------------------------------------------------------
| Other Path Groups Table
| -----------------------
------------------------------------------------------------------------------------------------

Path Group    From Clock    To Clock          WNS(ns)      TNS(ns)  TNS Failing Endpoints  TNS Total Endpoints      WHS(ns)      THS(ns)  THS Failing Endpoints  THS Total Endpoints  
----------    ----------    --------          -------      -------  ---------------------  -------------------      -------      -------  ---------------------  -------------------  


------------------------------------------------------------------------------------------------
| User Ignored Path Table
| -----------------------
------------------------------------------------------------------------------------------------

Path Group    From Clock    To Clock    
----------    ----------    --------    


------------------------------------------------------------------------------------------------
| Unconstrained Path Table
| ------------------------
------------------------------------------------------------------------------------------------

Path Group    From Clock    To Clock    
----------    ----------    --------    
(none)                                    


------------------------------------------------------------------------------------------------
| Timing Details
| --------------
------------------------------------------------------------------------------------------------


--------------------------------------------------------------------------------------
Path Group:  (none)
From Clock:  
  To Clock:  

Max Delay            32 Endpoints
Min Delay            32 Endpoints
--------------------------------------------------------------------------------------


Max Delay Paths
--------------------------------------------------------------------------------------
Slack:                    inf
  Source:                 fifo/clk_out_reg/C
                            (rising edge-triggered cell FDRE)
  Destination:            clk_out
                            (output port)
  Path Group:             (none)
  Path Type:              Max at Slow Process Corner
  Data Path Delay:        5.838ns  (logic 4.025ns (68.948%)  route 1.813ns (31.052%))
  Logic Levels:           2  (FDRE=1 OBUF=1)

    Location             Delay type                Incr(ns)  Path(ns)    Netlist Resource(s)
  -------------------------------------------------------------------    -------------------
    SLICE_X113Y24        FDRE                         0.000     0.000 r  fifo/clk_out_reg/C
    SLICE_X113Y24        FDRE (Prop_fdre_C_Q)         0.456     0.456 r  fifo/clk_out_reg/Q
                         net (fo=1, routed)           1.813     2.269    clk_out_OBUF
    Y16                  OBUF (Prop_obuf_I_O)         3.569     5.838 r  clk_out_OBUF_inst/O
                         net (fo=0)                   0.000     5.838    clk_out
    Y16                                                               r  clk_out (OUT)
  -------------------------------------------------------------------    -------------------

Slack:                    inf
  Source:                 fifo/load_reg/C
                            (rising edge-triggered cell FDSE)
  Destination:            load
                            (output port)
  Path Group:             (none)
  Path Type:              Max at Slow Process Corner
  Data Path Delay:        5.683ns  (logic 4.009ns (70.558%)  route 1.673ns (29.442%))
  Logic Levels:           2  (FDSE=1 OBUF=1)

    Location             Delay type                Incr(ns)  Path(ns)    Netlist Resource(s)
  -------------------------------------------------------------------    -------------------
    SLICE_X113Y27        FDSE                         0.000     0.000 r  fifo/load_reg/C
    SLICE_X113Y27        FDSE (Prop_fdse_C_Q)         0.456     0.456 r  fifo/load_reg/Q
                         net (fo=1, routed)           1.673     2.129    load_OBUF
    Y19                  OBUF (Prop_obuf_I_O)         3.553     5.683 r  load_OBUF_inst/O
                         net (fo=0)                   0.000     5.683    load
    Y19                                                               r  load (OUT)
  -------------------------------------------------------------------    -------------------

Slack:                    inf
  Source:                 ctrl_reg[1]
                            (input port)
  Destination:            fifo/FSM_onehot_state_reg[0]/D
  Path Group:             (none)
  Path Type:              Max at Slow Process Corner
  Data Path Delay:        3.270ns  (logic 1.067ns (32.641%)  route 2.202ns (67.359%))
  Logic Levels:           2  (IBUF=1 LUT6=1)

    Location             Delay type                Incr(ns)  Path(ns)    Netlist Resource(s)
  -------------------------------------------------------------------    -------------------
    R15                                               0.000     0.000 f  ctrl_reg[1] (IN)
                         net (fo=0)                   0.000     0.000    ctrl_reg[1]
    R15                  IBUF (Prop_ibuf_I_O)         0.943     0.943 f  ctrl_reg_IBUF[1]_inst/O
                         net (fo=4, routed)           2.202     3.146    fifo/ctrl_reg_IBUF[0]
    SLICE_X113Y26        LUT6 (Prop_lut6_I2_O)        0.124     3.270 r  fifo/FSM_onehot_state[0]_i_1/O
                         net (fo=1, routed)           0.000     3.270    fifo/FSM_onehot_state[0]_i_1_n_0
    SLICE_X113Y26        FDRE                                         r  fifo/FSM_onehot_state_reg[0]/D
  -------------------------------------------------------------------    -------------------

Slack:                    inf
  Source:                 ctrl_reg[1]
                            (input port)
  Destination:            fifo/FSM_onehot_state_reg[2]/D
  Path Group:             (none)
  Path Type:              Max at Slow Process Corner
  Data Path Delay:        3.102ns  (logic 1.067ns (34.409%)  route 2.034ns (65.591%))
  Logic Levels:           2  (IBUF=1 LUT6=1)

    Location             Delay type                Incr(ns)  Path(ns)    Netlist Resource(s)
  -------------------------------------------------------------------    -------------------
    R15                                               0.000     0.000 r  ctrl_reg[1] (IN)
                         net (fo=0)                   0.000     0.000    ctrl_reg[1]
    R15                  IBUF (Prop_ibuf_I_O)         0.943     0.943 r  ctrl_reg_IBUF[1]_inst/O
                         net (fo=4, routed)           2.034     2.978    fifo/ctrl_reg_IBUF[0]
    SLICE_X113Y26        LUT6 (Prop_lut6_I2_O)        0.124     3.102 r  fifo/FSM_onehot_state[2]_i_1/O
                         net (fo=1, routed)           0.000     3.102    fifo/FSM_onehot_state[2]_i_1_n_0
    SLICE_X113Y26        FDRE                                         r  fifo/FSM_onehot_state_reg[2]/D
  -------------------------------------------------------------------    -------------------

Slack:                    inf
  Source:                 ctrl_reg[1]
                            (input port)
  Destination:            fifo/load_reg/D
  Path Group:             (none)
  Path Type:              Max at Slow Process Corner
  Data Path Delay:        2.939ns  (logic 1.067ns (36.319%)  route 1.871ns (63.681%))
  Logic Levels:           2  (IBUF=1 LUT1=1)

    Location             Delay type                Incr(ns)  Path(ns)    Netlist Resource(s)
  -------------------------------------------------------------------    -------------------
    R15                                               0.000     0.000 f  ctrl_reg[1] (IN)
                         net (fo=0)                   0.000     0.000    ctrl_reg[1]
    R15                  IBUF (Prop_ibuf_I_O)         0.943     0.943 f  ctrl_reg_IBUF[1]_inst/O
                         net (fo=4, routed)           1.871     2.815    fifo/ctrl_reg_IBUF[0]
    SLICE_X113Y27        LUT1 (Prop_lut1_I0_O)        0.124     2.939 r  fifo/load_i_1/O
                         net (fo=1, routed)           0.000     2.939    fifo/load_i_1_n_0
    SLICE_X113Y27        FDSE                                         r  fifo/load_reg/D
  -------------------------------------------------------------------    -------------------

Slack:                    inf
  Source:                 ctrl_reg[1]
                            (input port)
  Destination:            fifo/FSM_onehot_state_reg[1]/D
  Path Group:             (none)
  Path Type:              Max at Slow Process Corner
  Data Path Delay:        2.865ns  (logic 1.067ns (37.256%)  route 1.797ns (62.744%))
  Logic Levels:           2  (IBUF=1 LUT6=1)

    Location             Delay type                Incr(ns)  Path(ns)    Netlist Resource(s)
  -------------------------------------------------------------------    -------------------
    R15                                               0.000     0.000 r  ctrl_reg[1] (IN)
                         net (fo=0)                   0.000     0.000    ctrl_reg[1]
    R15                  IBUF (Prop_ibuf_I_O)         0.943     0.943 r  ctrl_reg_IBUF[1]_inst/O
                         net (fo=4, routed)           1.797     2.741    fifo/ctrl_reg_IBUF[0]
    SLICE_X113Y26        LUT6 (Prop_lut6_I2_O)        0.124     2.865 r  fifo/FSM_onehot_state[1]_i_1/O
                         net (fo=1, routed)           0.000     2.865    fifo/FSM_onehot_state[1]_i_1_n_0
    SLICE_X113Y26        FDRE                                         r  fifo/FSM_onehot_state_reg[1]/D
  -------------------------------------------------------------------    -------------------

Slack:                    inf
  Source:                 fifo/bit_cnt_reg[4]/C
                            (rising edge-triggered cell FDRE)
  Destination:            fifo/bit_cnt_reg[6]/D
  Path Group:             (none)
  Path Type:              Max at Slow Process Corner
  Data Path Delay:        2.675ns  (logic 1.133ns (42.361%)  route 1.542ns (57.639%))
  Logic Levels:           3  (FDRE=1 LUT4=2)

    Location             Delay type                Incr(ns)  Path(ns)    Netlist Resource(s)
  -------------------------------------------------------------------    -------------------
    SLICE_X112Y25        FDRE                         0.000     0.000 r  fifo/bit_cnt_reg[4]/C
    SLICE_X112Y25        FDRE (Prop_fdre_C_Q)         0.478     0.478 r  fifo/bit_cnt_reg[4]/Q
                         net (fo=3, routed)           0.713     1.191    fifo/bit_cnt_reg[4]
    SLICE_X112Y25        LUT4 (Prop_lut4_I3_O)        0.327     1.518 r  fifo/FSM_onehot_state[2]_i_3/O
                         net (fo=4, routed)           0.828     2.347    fifo/FSM_onehot_state[2]_i_3_n_0
    SLICE_X113Y25        LUT4 (Prop_lut4_I0_O)        0.328     2.675 r  fifo/bit_cnt[6]_i_1/O
                         net (fo=1, routed)           0.000     2.675    fifo/bit_cnt[6]_i_1_n_0
    SLICE_X113Y25        FDSE                                         r  fifo/bit_cnt_reg[6]/D
  -------------------------------------------------------------------    -------------------

Slack:                    inf
  Source:                 fifo/FSM_onehot_state_reg[0]/C
                            (rising edge-triggered cell FDRE)
  Destination:            fifo/clk_out_reg/CE
  Path Group:             (none)
  Path Type:              Max at Slow Process Corner
  Data Path Delay:        2.002ns  (logic 0.580ns (28.965%)  route 1.422ns (71.035%))
  Logic Levels:           2  (FDRE=1 LUT3=1)

    Location             Delay type                Incr(ns)  Path(ns)    Netlist Resource(s)
  -------------------------------------------------------------------    -------------------
    SLICE_X113Y26        FDRE                         0.000     0.000 r  fifo/FSM_onehot_state_reg[0]/C
    SLICE_X113Y26        FDRE (Prop_fdre_C_Q)         0.456     0.456 r  fifo/FSM_onehot_state_reg[0]/Q
                         net (fo=13, routed)          0.855     1.311    fifo/d_out0
    SLICE_X113Y25        LUT3 (Prop_lut3_I1_O)        0.124     1.435 r  fifo/clk_out_i_1/O
                         net (fo=1, routed)           0.568     2.002    fifo/clk_out_i_1_n_0
    SLICE_X113Y24        FDRE                                         r  fifo/clk_out_reg/CE
  -------------------------------------------------------------------    -------------------

Slack:                    inf
  Source:                 fifo/bit_cnt_reg[2]/C
                            (rising edge-triggered cell FDRE)
  Destination:            fifo/bit_cnt_reg[2]/D
  Path Group:             (none)
  Path Type:              Max at Slow Process Corner
  Data Path Delay:        1.779ns  (logic 0.715ns (40.185%)  route 1.064ns (59.815%))
  Logic Levels:           2  (FDRE=1 LUT3=1)

    Location             Delay type                Incr(ns)  Path(ns)    Netlist Resource(s)
  -------------------------------------------------------------------    -------------------
    SLICE_X113Y25        FDRE                         0.000     0.000 r  fifo/bit_cnt_reg[2]/C
    SLICE_X113Y25        FDRE (Prop_fdre_C_Q)         0.419     0.419 r  fifo/bit_cnt_reg[2]/Q
                         net (fo=5, routed)           0.685     1.104    fifo/bit_cnt_reg[2]
    SLICE_X112Y25        LUT3 (Prop_lut3_I2_O)        0.296     1.400 r  fifo/bit_cnt[2]_i_1/O
                         net (fo=1, routed)           0.379     1.779    fifo/bit_cnt[2]_i_1_n_0
    SLICE_X113Y25        FDRE                                         r  fifo/bit_cnt_reg[2]/D
  -------------------------------------------------------------------    -------------------

Slack:                    inf
  Source:                 fifo/phase_reg/C
                            (rising edge-triggered cell FDRE)
  Destination:            fifo/clk_out_reg/D
  Path Group:             (none)
  Path Type:              Max at Slow Process Corner
  Data Path Delay:        1.660ns  (logic 0.580ns (34.937%)  route 1.080ns (65.063%))
  Logic Levels:           2  (FDRE=1 LUT2=1)

    Location             Delay type                Incr(ns)  Path(ns)    Netlist Resource(s)
  -------------------------------------------------------------------    -------------------
    SLICE_X113Y26        FDRE                         0.000     0.000 r  fifo/phase_reg/C
    SLICE_X113Y26        FDRE (Prop_fdre_C_Q)         0.456     0.456 r  fifo/phase_reg/Q
                         net (fo=3, routed)           0.703     1.159    fifo/phase_reg_n_0
    SLICE_X112Y26        LUT2 (Prop_lut2_I0_O)        0.124     1.283 r  fifo/clk_out_i_2/O
                         net (fo=8, routed)           0.377     1.660    fifo/clk_out_i_2_n_0
    SLICE_X113Y24        FDRE                                         r  fifo/clk_out_reg/D
  -------------------------------------------------------------------    -------------------





Min Delay Paths
--------------------------------------------------------------------------------------
Slack:                    inf
  Source:                 fifo/bit_cnt_reg[0]/C
                            (rising edge-triggered cell FDRE)
  Destination:            fifo/bit_cnt_reg[3]/D
  Path Group:             (none)
  Path Type:              Min at Fast Process Corner
  Data Path Delay:        0.333ns  (logic 0.186ns (55.919%)  route 0.147ns (44.081%))
  Logic Levels:           2  (FDRE=1 LUT4=1)

    Location             Delay type                Incr(ns)  Path(ns)    Netlist Resource(s)
  -------------------------------------------------------------------    -------------------
    SLICE_X113Y25        FDRE                         0.000     0.000 r  fifo/bit_cnt_reg[0]/C
    SLICE_X113Y25        FDRE (Prop_fdre_C_Q)         0.141     0.141 r  fifo/bit_cnt_reg[0]/Q
                         net (fo=8, routed)           0.147     0.288    fifo/bit_cnt_reg[0]
    SLICE_X112Y25        LUT4 (Prop_lut4_I0_O)        0.045     0.333 r  fifo/bit_cnt[3]_i_1/O
                         net (fo=1, routed)           0.000     0.333    fifo/bit_cnt[3]_i_1_n_0
    SLICE_X112Y25        FDRE                                         r  fifo/bit_cnt_reg[3]/D
  -------------------------------------------------------------------    -------------------

Slack:                    inf
  Source:                 fifo/bit_cnt_reg[0]/C
                            (rising edge-triggered cell FDRE)
  Destination:            fifo/bit_cnt_reg[4]/D
  Path Group:             (none)
  Path Type:              Min at Fast Process Corner
  Data Path Delay:        0.336ns  (logic 0.189ns (56.313%)  route 0.147ns (43.687%))
  Logic Levels:           2  (FDRE=1 LUT5=1)

    Location             Delay type                Incr(ns)  Path(ns)    Netlist Resource(s)
  -------------------------------------------------------------------    -------------------
    SLICE_X113Y25        FDRE                         0.000     0.000 r  fifo/bit_cnt_reg[0]/C
    SLICE_X113Y25        FDRE (Prop_fdre_C_Q)         0.141     0.141 r  fifo/bit_cnt_reg[0]/Q
                         net (fo=8, routed)           0.147     0.288    fifo/bit_cnt_reg[0]
    SLICE_X112Y25        LUT5 (Prop_lut5_I0_O)        0.048     0.336 r  fifo/bit_cnt[4]_i_1/O
                         net (fo=1, routed)           0.000     0.336    fifo/bit_cnt[4]_i_1_n_0
    SLICE_X112Y25        FDRE                                         r  fifo/bit_cnt_reg[4]/D
  -------------------------------------------------------------------    -------------------

Slack:                    inf
  Source:                 fifo/FSM_onehot_state_reg[0]/C
                            (rising edge-triggered cell FDRE)
  Destination:            fifo/load_reg/CE
  Path Group:             (none)
  Path Type:              Min at Fast Process Corner
  Data Path Delay:        0.345ns  (logic 0.141ns (40.920%)  route 0.204ns (59.080%))
  Logic Levels:           1  (FDRE=1)

    Location             Delay type                Incr(ns)  Path(ns)    Netlist Resource(s)
  -------------------------------------------------------------------    -------------------
    SLICE_X113Y26        FDRE                         0.000     0.000 r  fifo/FSM_onehot_state_reg[0]/C
    SLICE_X113Y26        FDRE (Prop_fdre_C_Q)         0.141     0.141 r  fifo/FSM_onehot_state_reg[0]/Q
                         net (fo=13, routed)          0.204     0.345    fifo/d_out0
    SLICE_X113Y27        FDSE                                         r  fifo/load_reg/CE
  -------------------------------------------------------------------    -------------------

Slack:                    inf
  Source:                 fifo/bit_cnt_reg[4]/C
                            (rising edge-triggered cell FDRE)
  Destination:            fifo/bit_cnt_reg[5]/D
  Path Group:             (none)
  Path Type:              Min at Fast Process Corner
  Data Path Delay:        0.360ns  (logic 0.247ns (68.555%)  route 0.113ns (31.445%))
  Logic Levels:           2  (FDRE=1 LUT6=1)

    Location             Delay type                Incr(ns)  Path(ns)    Netlist Resource(s)
  -------------------------------------------------------------------    -------------------
    SLICE_X112Y25        FDRE                         0.000     0.000 r  fifo/bit_cnt_reg[4]/C
    SLICE_X112Y25        FDRE (Prop_fdre_C_Q)         0.148     0.148 r  fifo/bit_cnt_reg[4]/Q
                         net (fo=3, routed)           0.113     0.261    fifo/bit_cnt_reg[4]
    SLICE_X112Y25        LUT6 (Prop_lut6_I4_O)        0.099     0.360 r  fifo/bit_cnt[5]_i_1/O
                         net (fo=1, routed)           0.000     0.360    fifo/bit_cnt[5]_i_1_n_0
    SLICE_X112Y25        FDRE                                         r  fifo/bit_cnt_reg[5]/D
  -------------------------------------------------------------------    -------------------

Slack:                    inf
  Source:                 fifo/phase_reg/C
                            (rising edge-triggered cell FDRE)
  Destination:            fifo/phase_reg/D
  Path Group:             (none)
  Path Type:              Min at Fast Process Corner
  Data Path Delay:        0.367ns  (logic 0.186ns (50.625%)  route 0.181ns (49.375%))
  Logic Levels:           2  (FDRE=1 LUT3=1)

    Location             Delay type                Incr(ns)  Path(ns)    Netlist Resource(s)
  -------------------------------------------------------------------    -------------------
    SLICE_X113Y26        FDRE                         0.000     0.000 r  fifo/phase_reg/C
    SLICE_X113Y26        FDRE (Prop_fdre_C_Q)         0.141     0.141 r  fifo/phase_reg/Q
                         net (fo=3, routed)           0.181     0.322    fifo/phase_reg_n_0
    SLICE_X113Y26        LUT3 (Prop_lut3_I2_O)        0.045     0.367 r  fifo/phase_i_1/O
                         net (fo=1, routed)           0.000     0.367    fifo/phase_i_1_n_0
    SLICE_X113Y26        FDRE                                         r  fifo/phase_reg/D
  -------------------------------------------------------------------    -------------------

Slack:                    inf
  Source:                 fifo/FSM_onehot_state_reg[1]/C
                            (rising edge-triggered cell FDRE)
  Destination:            fifo/FSM_onehot_state_reg[0]/D
  Path Group:             (none)
  Path Type:              Min at Fast Process Corner
  Data Path Delay:        0.373ns  (logic 0.186ns (49.930%)  route 0.187ns (50.070%))
  Logic Levels:           2  (FDRE=1 LUT6=1)

    Location             Delay type                Incr(ns)  Path(ns)    Netlist Resource(s)
  -------------------------------------------------------------------    -------------------
    SLICE_X113Y26        FDRE                         0.000     0.000 r  fifo/FSM_onehot_state_reg[1]/C
    SLICE_X113Y26        FDRE (Prop_fdre_C_Q)         0.141     0.141 f  fifo/FSM_onehot_state_reg[1]/Q
                         net (fo=7, routed)           0.187     0.328    fifo/FSM_onehot_state_reg_n_0_[1]
    SLICE_X113Y26        LUT6 (Prop_lut6_I4_O)        0.045     0.373 r  fifo/FSM_onehot_state[0]_i_1/O
                         net (fo=1, routed)           0.000     0.373    fifo/FSM_onehot_state[0]_i_1_n_0
    SLICE_X113Y26        FDRE                                         r  fifo/FSM_onehot_state_reg[0]/D
  -------------------------------------------------------------------    -------------------

Slack:                    inf
  Source:                 fifo/bit_cnt_reg[0]/C
                            (rising edge-triggered cell FDRE)
  Destination:            fifo/bit_cnt_reg[0]/D
  Path Group:             (none)
  Path Type:              Min at Fast Process Corner
  Data Path Delay:        0.398ns  (logic 0.186ns (46.778%)  route 0.212ns (53.222%))
  Logic Levels:           2  (FDRE=1 LUT1=1)

    Location             Delay type                Incr(ns)  Path(ns)    Netlist Resource(s)
  -------------------------------------------------------------------    -------------------
    SLICE_X113Y25        FDRE                         0.000     0.000 r  fifo/bit_cnt_reg[0]/C
    SLICE_X113Y25        FDRE (Prop_fdre_C_Q)         0.141     0.141 f  fifo/bit_cnt_reg[0]/Q
                         net (fo=8, routed)           0.212     0.353    fifo/bit_cnt_reg[0]
    SLICE_X113Y25        LUT1 (Prop_lut1_I0_O)        0.045     0.398 r  fifo/bit_cnt[0]_i_1/O
                         net (fo=1, routed)           0.000     0.398    fifo/bit_cnt0[0]
    SLICE_X113Y25        FDRE                                         r  fifo/bit_cnt_reg[0]/D
  -------------------------------------------------------------------    -------------------

Slack:                    inf
  Source:                 fifo/bit_cnt_reg[0]/C
                            (rising edge-triggered cell FDRE)
  Destination:            fifo/bit_cnt_reg[6]/D
  Path Group:             (none)
  Path Type:              Min at Fast Process Corner
  Data Path Delay:        0.400ns  (logic 0.186ns (46.544%)  route 0.214ns (53.456%))
  Logic Levels:           2  (FDRE=1 LUT4=1)

    Location             Delay type                Incr(ns)  Path(ns)    Netlist Resource(s)
  -------------------------------------------------------------------    -------------------
    SLICE_X113Y25        FDRE                         0.000     0.000 r  fifo/bit_cnt_reg[0]/C
    SLICE_X113Y25        FDRE (Prop_fdre_C_Q)         0.141     0.141 r  fifo/bit_cnt_reg[0]/Q
                         net (fo=8, routed)           0.214     0.355    fifo/bit_cnt_reg[0]
    SLICE_X113Y25        LUT4 (Prop_lut4_I1_O)        0.045     0.400 r  fifo/bit_cnt[6]_i_1/O
                         net (fo=1, routed)           0.000     0.400    fifo/bit_cnt[6]_i_1_n_0
    SLICE_X113Y25        FDSE                                         r  fifo/bit_cnt_reg[6]/D
  -------------------------------------------------------------------    -------------------

Slack:                    inf
  Source:                 fifo/FSM_onehot_state_reg[1]/C
                            (rising edge-triggered cell FDRE)
  Destination:            fifo/bit_cnt_reg[0]/CE
  Path Group:             (none)
  Path Type:              Min at Fast Process Corner
  Data Path Delay:        0.431ns  (logic 0.186ns (43.150%)  route 0.245ns (56.850%))
  Logic Levels:           2  (FDRE=1 LUT2=1)

    Location             Delay type                Incr(ns)  Path(ns)    Netlist Resource(s)
  -------------------------------------------------------------------    -------------------
    SLICE_X113Y26        FDRE                         0.000     0.000 r  fifo/FSM_onehot_state_reg[1]/C
    SLICE_X113Y26        FDRE (Prop_fdre_C_Q)         0.141     0.141 r  fifo/FSM_onehot_state_reg[1]/Q
                         net (fo=7, routed)           0.111     0.252    fifo/FSM_onehot_state_reg_n_0_[1]
    SLICE_X112Y26        LUT2 (Prop_lut2_I1_O)        0.045     0.297 r  fifo/clk_out_i_2/O
                         net (fo=8, routed)           0.134     0.431    fifo/clk_out_i_2_n_0
    SLICE_X113Y25        FDRE                                         r  fifo/bit_cnt_reg[0]/CE
  -------------------------------------------------------------------    -------------------

Slack:                    inf
  Source:                 fifo/FSM_onehot_state_reg[1]/C
                            (rising edge-triggered cell FDRE)
  Destination:            fifo/bit_cnt_reg[1]/CE
  Path Group:             (none)
  Path Type:              Min at Fast Process Corner
  Data Path Delay:        0.431ns  (logic 0.186ns (43.150%)  route 0.245ns (56.850%))
  Logic Levels:           2  (FDRE=1 LUT2=1)

    Location             Delay type                Incr(ns)  Path(ns)    Netlist Resource(s)
  -------------------------------------------------------------------    -------------------
    SLICE_X113Y26        FDRE                         0.000     0.000 r  fifo/FSM_onehot_state_reg[1]/C
    SLICE_X113Y26        FDRE (Prop_fdre_C_Q)         0.141     0.141 r  fifo/FSM_onehot_state_reg[1]/Q
                         net (fo=7, routed)           0.111     0.252    fifo/FSM_onehot_state_reg_n_0_[1]
    SLICE_X112Y26        LUT2 (Prop_lut2_I1_O)        0.045     0.297 r  fifo/clk_out_i_2/O
                         net (fo=8, routed)           0.134     0.431    fifo/clk_out_i_2_n_0
    SLICE_X112Y25        FDRE                                         r  fifo/bit_cnt_reg[1]/CE
  -------------------------------------------------------------------    -------------------





