Copyright 1986-2022 Xilinx, Inc. All Rights Reserved. Copyright 2022-2025 Advanced Micro Devices, Inc. All Rights Reserved.
---------------------------------------------------------------------------------------------------------------------------------------------------------------------------------------------------------------------
| Tool Version : Vivado v.2025.2 (lin64) Build 6299465 Fri Nov 14 12:34:56 MST 2025
| Date         : Thu Jun 18 13:45:41 2026
| Host         : Ruby-Legion5 running 64-bit Fedora Linux 44 (Workstation Edition)
| Command      : report_timing_summary -max_paths 10 -routable_nets -report_unconstrained -file top_timing_summary_routed.rpt -pb top_timing_summary_routed.pb -rpx top_timing_summary_routed.rpx -warn_on_violation
| Design       : top
| Device       : 7z020-clg484
| Speed File   : -1  PRODUCTION 1.12 2019-11-22
| Design State : Routed
---------------------------------------------------------------------------------------------------------------------------------------------------------------------------------------------------------------------

Timing Summary Report

------------------------------------------------------------------------------------------------
| Timer Settings
| --------------
------------------------------------------------------------------------------------------------

  Enable Multi Corner Analysis               :  Yes
  Enable Pessimism Removal                   :  Yes
  Pessimism Removal Resolution               :  Nearest Common Node
  Enable Input Delay Default Clock           :  No
  Enable Preset / Clear Arcs                 :  No
  Disable Flight Delays                      :  No
  Ignore I/O Paths                           :  No
  Timing Early Launch at Borrowing Latches   :  No
  Borrow Time for Max Delay Exceptions       :  Yes
  Merge Timing Exceptions                    :  Yes
  Inter-SLR Compensation                     :  Conservative

  Corner  Analyze    Analyze    
  Name    Max Paths  Min Paths  
  ------  ---------  ---------  
  Slow    Yes        Yes        
  Fast    Yes        Yes        


------------------------------------------------------------------------------------------------
| Report Methodology
| ------------------
------------------------------------------------------------------------------------------------

Rule       Severity          Description                  Violations  
---------  ----------------  ---------------------------  ----------  
TIMING-17  Critical Warning  Non-clocked sequential cell  101         

Note: This report is based on the most recent report_methodology run and may not be up-to-date. Run report_methodology on the current design for the latest report.



check_timing report

Table of Contents
-----------------
1. checking no_clock (101)
2. checking constant_clock (0)
3. checking pulse_width_clock (0)
4. checking unconstrained_internal_endpoints (227)
5. checking no_input_delay (8)
6. checking no_output_delay (3)
7. checking multiple_clock (0)
8. checking generated_clocks (0)
9. checking loops (0)
10. checking partial_input_delay (0)
11. checking partial_output_delay (0)
12. checking latch_loops (0)

1. checking no_clock (101)
--------------------------
 There are 101 register/latch pins with no clock driven by root clock pin: clk (HIGH)


2. checking constant_clock (0)
------------------------------
 There are 0 register/latch pins with constant_clock.


3. checking pulse_width_clock (0)
---------------------------------
 There are 0 register/latch pins which need pulse_width check


4. checking unconstrained_internal_endpoints (227)
--------------------------------------------------
 There are 227 pins that are not constrained for maximum delay. (HIGH)

 There are 0 pins that are not constrained for maximum delay due to constant clock.


5. checking no_input_delay (8)
------------------------------
 There are 8 input ports with no input delay specified. (HIGH)

 There are 0 input ports with no input delay but user has a false path constraint.


6. checking no_output_delay (3)
-------------------------------
 There are 3 ports with no output delay specified. (HIGH)

 There are 0 ports with no output delay but user has a false path constraint

 There are 0 ports with no output delay but with a timing clock defined on it or propagating through it


7. checking multiple_clock (0)
------------------------------
 There are 0 register/latch pins with multiple clocks.


8. checking generated_clocks (0)
--------------------------------
 There are 0 generated clocks that are not connected to a clock source.


9. checking loops (0)
---------------------
 There are 0 combinational loops in the design.


10. checking partial_input_delay (0)
------------------------------------
 There are 0 input ports with partial input delay specified.


11. checking partial_output_delay (0)
-------------------------------------
 There are 0 ports with partial output delay specified.


12. checking latch_loops (0)
----------------------------
 There are 0 combinational latch loops in the design through latch input



------------------------------------------------------------------------------------------------
| Design Timing Summary
| ---------------------
------------------------------------------------------------------------------------------------

    WNS(ns)      TNS(ns)  TNS Failing Endpoints  TNS Total Endpoints      WHS(ns)      THS(ns)  THS Failing Endpoints  THS Total Endpoints     WPWS(ns)     TPWS(ns)  TPWS Failing Endpoints  TPWS Total Endpoints  
    -------      -------  ---------------------  -------------------      -------      -------  ---------------------  -------------------     --------     --------  ----------------------  --------------------  
        inf        0.000                      0                  230          inf        0.000                      0                  230           NA           NA                      NA                    NA  


There are no user specified timing constraints.


------------------------------------------------------------------------------------------------
| Clock Summary
| -------------
------------------------------------------------------------------------------------------------


------------------------------------------------------------------------------------------------
| Intra Clock Table
| -----------------
------------------------------------------------------------------------------------------------

Clock             WNS(ns)      TNS(ns)  TNS Failing Endpoints  TNS Total Endpoints      WHS(ns)      THS(ns)  THS Failing Endpoints  THS Total Endpoints     WPWS(ns)     TPWS(ns)  TPWS Failing Endpoints  TPWS Total Endpoints  
-----             -------      -------  ---------------------  -------------------      -------      -------  ---------------------  -------------------     --------     --------  ----------------------  --------------------  


------------------------------------------------------------------------------------------------
| Inter Clock Table
| -----------------
------------------------------------------------------------------------------------------------

From Clock    To Clock          WNS(ns)      TNS(ns)  TNS Failing Endpoints  TNS Total Endpoints      WHS(ns)      THS(ns)  THS Failing Endpoints  THS Total Endpoints  
----------    --------          -------      -------  ---------------------  -------------------      -------      -------  ---------------------  -------------------  


------------------------------------------------------------------------------------------------
| Other Path Groups Table
| -----------------------
------------------------------------------------------------------------------------------------

Path Group    From Clock    To Clock          WNS(ns)      TNS(ns)  TNS Failing Endpoints  TNS Total Endpoints      WHS(ns)      THS(ns)  THS Failing Endpoints  THS Total Endpoints  
----------    ----------    --------          -------      -------  ---------------------  -------------------      -------      -------  ---------------------  -------------------  


------------------------------------------------------------------------------------------------
| User Ignored Path Table
| -----------------------
------------------------------------------------------------------------------------------------

Path Group    From Clock    To Clock    
----------    ----------    --------    


------------------------------------------------------------------------------------------------
| Unconstrained Path Table
| ------------------------
------------------------------------------------------------------------------------------------

Path Group    From Clock    To Clock    
----------    ----------    --------    
(none)                                    


------------------------------------------------------------------------------------------------
| Timing Details
| --------------
------------------------------------------------------------------------------------------------


--------------------------------------------------------------------------------------
Path Group:  (none)
From Clock:  
  To Clock:  

Max Delay           230 Endpoints
Min Delay           230 Endpoints
--------------------------------------------------------------------------------------


Max Delay Paths
--------------------------------------------------------------------------------------
Slack:                    inf
  Source:                 main/fifo/clk_out_reg/C
                            (rising edge-triggered cell FDRE)
  Destination:            clk_out
                            (output port)
  Path Group:             (none)
  Path Type:              Max at Slow Process Corner
  Data Path Delay:        4.759ns  (logic 3.096ns (65.047%)  route 1.663ns (34.953%))
  Logic Levels:           2  (FDRE=1 OBUF=1)

    Location             Delay type                Incr(ns)  Path(ns)    Netlist Resource(s)
  -------------------------------------------------------------------    -------------------
    SLICE_X2Y0           FDRE                         0.000     0.000 r  main/fifo/clk_out_reg/C
    SLICE_X2Y0           FDRE (Prop_fdre_C_Q)         0.518     0.518 r  main/fifo/clk_out_reg/Q
                         net (fo=1, routed)           1.663     2.181    clk_out_OBUF
    U7                   OBUF (Prop_obuf_I_O)         2.578     4.759 r  clk_out_OBUF_inst/O
                         net (fo=0)                   0.000     4.759    clk_out
    U7                                                                r  clk_out (OUT)
  -------------------------------------------------------------------    -------------------

Slack:                    inf
  Source:                 main/fifo/load_reg/C
                            (rising edge-triggered cell FDSE)
  Destination:            load
                            (output port)
  Path Group:             (none)
  Path Type:              Max at Slow Process Corner
  Data Path Delay:        4.725ns  (logic 3.054ns (64.645%)  route 1.670ns (35.355%))
  Logic Levels:           2  (FDSE=1 OBUF=1)

    Location             Delay type                Incr(ns)  Path(ns)    Netlist Resource(s)
  -------------------------------------------------------------------    -------------------
    SLICE_X1Y3           FDSE                         0.000     0.000 r  main/fifo/load_reg/C
    SLICE_X1Y3           FDSE (Prop_fdse_C_Q)         0.456     0.456 r  main/fifo/load_reg/Q
                         net (fo=1, routed)           1.670     2.126    load_OBUF
    W6                   OBUF (Prop_obuf_I_O)         2.598     4.725 r  load_OBUF_inst/O
                         net (fo=0)                   0.000     4.725    load
    W6                                                                r  load (OUT)
  -------------------------------------------------------------------    -------------------

Slack:                    inf
  Source:                 main/fifo/d_out_reg/C
                            (rising edge-triggered cell FDRE)
  Destination:            d_out
                            (output port)
  Path Group:             (none)
  Path Type:              Max at Slow Process Corner
  Data Path Delay:        4.584ns  (logic 3.054ns (66.632%)  route 1.530ns (33.368%))
  Logic Levels:           2  (FDRE=1 OBUF=1)

    Location             Delay type                Incr(ns)  Path(ns)    Netlist Resource(s)
  -------------------------------------------------------------------    -------------------
    SLICE_X1Y1           FDRE                         0.000     0.000 r  main/fifo/d_out_reg/C
    SLICE_X1Y1           FDRE (Prop_fdre_C_Q)         0.456     0.456 r  main/fifo/d_out_reg/Q
                         net (fo=1, routed)           1.530     1.986    d_out_OBUF
    W5                   OBUF (Prop_obuf_I_O)         2.598     4.584 r  d_out_OBUF_inst/O
                         net (fo=0)                   0.000     4.584    d_out
    W5                                                                r  d_out (OUT)
  -------------------------------------------------------------------    -------------------

Slack:                    inf
  Source:                 ctrl_reg[7]
                            (input port)
  Destination:            main/FSM_sequential_state_reg[1]/CE
  Path Group:             (none)
  Path Type:              Max at Slow Process Corner
  Data Path Delay:        3.875ns  (logic 1.200ns (30.973%)  route 2.675ns (69.027%))
  Logic Levels:           3  (IBUF=1 LUT4=1 LUT6=1)

    Location             Delay type                Incr(ns)  Path(ns)    Netlist Resource(s)
  -------------------------------------------------------------------    -------------------
    T4                                                0.000     0.000 r  ctrl_reg[7] (IN)
                         net (fo=0)                   0.000     0.000    ctrl_reg[7]
    T4                   IBUF (Prop_ibuf_I_O)         0.952     0.952 r  ctrl_reg_IBUF[7]_inst/O
                         net (fo=4, routed)           1.484     2.436    main/ctrl_reg_IBUF[7]
    SLICE_X0Y5           LUT4 (Prop_lut4_I3_O)        0.124     2.560 r  main/FSM_sequential_state[3]_i_4/O
                         net (fo=1, routed)           0.670     3.231    main/fifo/FSM_sequential_state_reg[0]_1
    SLICE_X0Y5           LUT6 (Prop_lut6_I1_O)        0.124     3.355 r  main/fifo/FSM_sequential_state[3]_i_1/O
                         net (fo=4, routed)           0.520     3.875    main/fifo_n_6
    SLICE_X1Y6           FDRE                                         r  main/FSM_sequential_state_reg[1]/CE
  -------------------------------------------------------------------    -------------------

Slack:                    inf
  Source:                 ctrl_reg[7]
                            (input port)
  Destination:            main/FSM_sequential_state_reg[2]/CE
  Path Group:             (none)
  Path Type:              Max at Slow Process Corner
  Data Path Delay:        3.875ns  (logic 1.200ns (30.973%)  route 2.675ns (69.027%))
  Logic Levels:           3  (IBUF=1 LUT4=1 LUT6=1)

    Location             Delay type                Incr(ns)  Path(ns)    Netlist Resource(s)
  -------------------------------------------------------------------    -------------------
    T4                                                0.000     0.000 r  ctrl_reg[7] (IN)
                         net (fo=0)                   0.000     0.000    ctrl_reg[7]
    T4                   IBUF (Prop_ibuf_I_O)         0.952     0.952 r  ctrl_reg_IBUF[7]_inst/O
                         net (fo=4, routed)           1.484     2.436    main/ctrl_reg_IBUF[7]
    SLICE_X0Y5           LUT4 (Prop_lut4_I3_O)        0.124     2.560 r  main/FSM_sequential_state[3]_i_4/O
                         net (fo=1, routed)           0.670     3.231    main/fifo/FSM_sequential_state_reg[0]_1
    SLICE_X0Y5           LUT6 (Prop_lut6_I1_O)        0.124     3.355 r  main/fifo/FSM_sequential_state[3]_i_1/O
                         net (fo=4, routed)           0.520     3.875    main/fifo_n_6
    SLICE_X1Y6           FDRE                                         r  main/FSM_sequential_state_reg[2]/CE
  -------------------------------------------------------------------    -------------------

Slack:                    inf
  Source:                 ctrl_reg[7]
                            (input port)
  Destination:            main/FSM_sequential_state_reg[0]/CE
  Path Group:             (none)
  Path Type:              Max at Slow Process Corner
  Data Path Delay:        3.685ns  (logic 1.200ns (32.564%)  route 2.485ns (67.436%))
  Logic Levels:           3  (IBUF=1 LUT4=1 LUT6=1)

    Location             Delay type                Incr(ns)  Path(ns)    Netlist Resource(s)
  -------------------------------------------------------------------    -------------------
    T4                                                0.000     0.000 r  ctrl_reg[7] (IN)
                         net (fo=0)                   0.000     0.000    ctrl_reg[7]
    T4                   IBUF (Prop_ibuf_I_O)         0.952     0.952 r  ctrl_reg_IBUF[7]_inst/O
                         net (fo=4, routed)           1.484     2.436    main/ctrl_reg_IBUF[7]
    SLICE_X0Y5           LUT4 (Prop_lut4_I3_O)        0.124     2.560 r  main/FSM_sequential_state[3]_i_4/O
                         net (fo=1, routed)           0.670     3.231    main/fifo/FSM_sequential_state_reg[0]_1
    SLICE_X0Y5           LUT6 (Prop_lut6_I1_O)        0.124     3.355 r  main/fifo/FSM_sequential_state[3]_i_1/O
                         net (fo=4, routed)           0.331     3.685    main/fifo_n_6
    SLICE_X0Y6           FDRE                                         r  main/FSM_sequential_state_reg[0]/CE
  -------------------------------------------------------------------    -------------------

Slack:                    inf
  Source:                 ctrl_reg[7]
                            (input port)
  Destination:            main/FSM_sequential_state_reg[3]/CE
  Path Group:             (none)
  Path Type:              Max at Slow Process Corner
  Data Path Delay:        3.685ns  (logic 1.200ns (32.564%)  route 2.485ns (67.436%))
  Logic Levels:           3  (IBUF=1 LUT4=1 LUT6=1)

    Location             Delay type                Incr(ns)  Path(ns)    Netlist Resource(s)
  -------------------------------------------------------------------    -------------------
    T4                                                0.000     0.000 r  ctrl_reg[7] (IN)
                         net (fo=0)                   0.000     0.000    ctrl_reg[7]
    T4                   IBUF (Prop_ibuf_I_O)         0.952     0.952 r  ctrl_reg_IBUF[7]_inst/O
                         net (fo=4, routed)           1.484     2.436    main/ctrl_reg_IBUF[7]
    SLICE_X0Y5           LUT4 (Prop_lut4_I3_O)        0.124     2.560 r  main/FSM_sequential_state[3]_i_4/O
                         net (fo=1, routed)           0.670     3.231    main/fifo/FSM_sequential_state_reg[0]_1
    SLICE_X0Y5           LUT6 (Prop_lut6_I1_O)        0.124     3.355 r  main/fifo/FSM_sequential_state[3]_i_1/O
                         net (fo=4, routed)           0.331     3.685    main/fifo_n_6
    SLICE_X0Y6           FDRE                                         r  main/FSM_sequential_state_reg[3]/CE
  -------------------------------------------------------------------    -------------------

Slack:                    inf
  Source:                 ctrl_reg[7]
                            (input port)
  Destination:            main/FSM_sequential_state_reg[2]/D
  Path Group:             (none)
  Path Type:              Max at Slow Process Corner
  Data Path Delay:        3.156ns  (logic 1.200ns (38.030%)  route 1.956ns (61.970%))
  Logic Levels:           3  (IBUF=1 LUT6=2)

    Location             Delay type                Incr(ns)  Path(ns)    Netlist Resource(s)
  -------------------------------------------------------------------    -------------------
    T4                                                0.000     0.000 r  ctrl_reg[7] (IN)
                         net (fo=0)                   0.000     0.000    ctrl_reg[7]
    T4                   IBUF (Prop_ibuf_I_O)         0.952     0.952 r  ctrl_reg_IBUF[7]_inst/O
                         net (fo=4, routed)           1.083     2.035    main/fifo/ctrl_reg_IBUF[2]
    SLICE_X0Y6           LUT6 (Prop_lut6_I0_O)        0.124     2.159 r  main/fifo/FSM_sequential_state[2]_i_4/O
                         net (fo=1, routed)           0.872     3.032    main/fifo/FSM_sequential_state[2]_i_4_n_0
    SLICE_X1Y6           LUT6 (Prop_lut6_I5_O)        0.124     3.156 r  main/fifo/FSM_sequential_state[2]_i_1/O
                         net (fo=1, routed)           0.000     3.156    main/state__0[2]
    SLICE_X1Y6           FDRE                                         r  main/FSM_sequential_state_reg[2]/D
  -------------------------------------------------------------------    -------------------

Slack:                    inf
  Source:                 ctrl_reg[6]
                            (input port)
  Destination:            main/FSM_sequential_state_reg[1]/D
  Path Group:             (none)
  Path Type:              Max at Slow Process Corner
  Data Path Delay:        3.061ns  (logic 1.173ns (38.332%)  route 1.888ns (61.668%))
  Logic Levels:           3  (IBUF=1 LUT6=2)

    Location             Delay type                Incr(ns)  Path(ns)    Netlist Resource(s)
  -------------------------------------------------------------------    -------------------
    U4                                                0.000     0.000 r  ctrl_reg[6] (IN)
                         net (fo=0)                   0.000     0.000    ctrl_reg[6]
    U4                   IBUF (Prop_ibuf_I_O)         0.925     0.925 r  ctrl_reg_IBUF[6]_inst/O
                         net (fo=5, routed)           1.733     2.659    main/fifo/ctrl_reg_IBUF[1]
    SLICE_X1Y6           LUT6 (Prop_lut6_I1_O)        0.124     2.783 r  main/fifo/FSM_sequential_state[1]_i_2/O
                         net (fo=1, routed)           0.154     2.937    main/fifo/FSM_sequential_state[1]_i_2_n_0
    SLICE_X1Y6           LUT6 (Prop_lut6_I5_O)        0.124     3.061 r  main/fifo/FSM_sequential_state[1]_i_1/O
                         net (fo=1, routed)           0.000     3.061    main/state__0[1]
    SLICE_X1Y6           FDRE                                         r  main/FSM_sequential_state_reg[1]/D
  -------------------------------------------------------------------    -------------------

Slack:                    inf
  Source:                 ctrl_reg[6]
                            (input port)
  Destination:            main/FSM_sequential_state_reg[0]/D
  Path Group:             (none)
  Path Type:              Max at Slow Process Corner
  Data Path Delay:        2.861ns  (logic 1.173ns (41.003%)  route 1.688ns (58.997%))
  Logic Levels:           3  (IBUF=1 LUT6=2)

    Location             Delay type                Incr(ns)  Path(ns)    Netlist Resource(s)
  -------------------------------------------------------------------    -------------------
    U4                                                0.000     0.000 f  ctrl_reg[6] (IN)
                         net (fo=0)                   0.000     0.000    ctrl_reg[6]
    U4                   IBUF (Prop_ibuf_I_O)         0.925     0.925 f  ctrl_reg_IBUF[6]_inst/O
                         net (fo=5, routed)           1.526     2.452    main/fifo/ctrl_reg_IBUF[1]
    SLICE_X0Y6           LUT6 (Prop_lut6_I0_O)        0.124     2.576 r  main/fifo/FSM_sequential_state[0]_i_2/O
                         net (fo=1, routed)           0.162     2.737    main/fifo/FSM_sequential_state[0]_i_2_n_0
    SLICE_X0Y6           LUT6 (Prop_lut6_I0_O)        0.124     2.861 r  main/fifo/FSM_sequential_state[0]_i_1/O
                         net (fo=1, routed)           0.000     2.861    main/state__0[0]
    SLICE_X0Y6           FDRE                                         r  main/FSM_sequential_state_reg[0]/D
  -------------------------------------------------------------------    -------------------





Min Delay Paths
--------------------------------------------------------------------------------------
Slack:                    inf
  Source:                 main/fifo/shreg_reg_r_2/C
                            (rising edge-triggered cell FDRE)
  Destination:            main/fifo/shreg_reg_r_3/D
  Path Group:             (none)
  Path Type:              Min at Fast Process Corner
  Data Path Delay:        0.197ns  (logic 0.141ns (71.611%)  route 0.056ns (28.389%))
  Logic Levels:           1  (FDRE=1)

    Location             Delay type                Incr(ns)  Path(ns)    Netlist Resource(s)
  -------------------------------------------------------------------    -------------------
    SLICE_X3Y1           FDRE                         0.000     0.000 r  main/fifo/shreg_reg_r_2/C
    SLICE_X3Y1           FDRE (Prop_fdre_C_Q)         0.141     0.141 r  main/fifo/shreg_reg_r_2/Q
                         net (fo=1, routed)           0.056     0.197    main/fifo/shreg_reg_r_2_n_0
    SLICE_X3Y1           FDRE                                         r  main/fifo/shreg_reg_r_3/D
  -------------------------------------------------------------------    -------------------

Slack:                    inf
  Source:                 main/fifo/shreg_reg_r/C
                            (rising edge-triggered cell FDRE)
  Destination:            main/fifo/shreg_reg_r_0/D
  Path Group:             (none)
  Path Type:              Min at Fast Process Corner
  Data Path Delay:        0.247ns  (logic 0.128ns (51.736%)  route 0.119ns (48.264%))
  Logic Levels:           1  (FDRE=1)

    Location             Delay type                Incr(ns)  Path(ns)    Netlist Resource(s)
  -------------------------------------------------------------------    -------------------
    SLICE_X3Y0           FDRE                         0.000     0.000 r  main/fifo/shreg_reg_r/C
    SLICE_X3Y0           FDRE (Prop_fdre_C_Q)         0.128     0.128 r  main/fifo/shreg_reg_r/Q
                         net (fo=1, routed)           0.119     0.247    main/fifo/shreg_reg_r_n_0
    SLICE_X3Y0           FDRE                                         r  main/fifo/shreg_reg_r_0/D
  -------------------------------------------------------------------    -------------------

Slack:                    inf
  Source:                 main/fifo/shreg_reg[57]/C
                            (rising edge-triggered cell FDSE)
  Destination:            main/fifo/shreg_reg[58]/D
  Path Group:             (none)
  Path Type:              Min at Fast Process Corner
  Data Path Delay:        0.253ns  (logic 0.148ns (58.497%)  route 0.105ns (41.503%))
  Logic Levels:           1  (FDSE=1)

    Location             Delay type                Incr(ns)  Path(ns)    Netlist Resource(s)
  -------------------------------------------------------------------    -------------------
    SLICE_X2Y2           FDSE                         0.000     0.000 r  main/fifo/shreg_reg[57]/C
    SLICE_X2Y2           FDSE (Prop_fdse_C_Q)         0.148     0.148 r  main/fifo/shreg_reg[57]/Q
                         net (fo=1, routed)           0.105     0.253    main/fifo/in5[58]
    SLICE_X1Y2           FDRE                                         r  main/fifo/shreg_reg[58]/D
  -------------------------------------------------------------------    -------------------

Slack:                    inf
  Source:                 main/fifo/shreg_reg[3]/C
                            (rising edge-triggered cell FDSE)
  Destination:            main/fifo/shreg_reg[5]_srl2___main_fifo_shreg_reg_r_0/D
  Path Group:             (none)
  Path Type:              Min at Fast Process Corner
  Data Path Delay:        0.261ns  (logic 0.148ns (56.607%)  route 0.113ns (43.393%))
  Logic Levels:           1  (FDSE=1)

    Location             Delay type                Incr(ns)  Path(ns)    Netlist Resource(s)
  -------------------------------------------------------------------    -------------------
    SLICE_X4Y2           FDSE                         0.000     0.000 r  main/fifo/shreg_reg[3]/C
    SLICE_X4Y2           FDSE (Prop_fdse_C_Q)         0.148     0.148 r  main/fifo/shreg_reg[3]/Q
                         net (fo=1, routed)           0.113     0.261    main/fifo/in5[4]
    SLICE_X4Y1           SRL16E                                       r  main/fifo/shreg_reg[5]_srl2___main_fifo_shreg_reg_r_0/D
  -------------------------------------------------------------------    -------------------

Slack:                    inf
  Source:                 main/fifo/shreg_reg[11]/C
                            (rising edge-triggered cell FDSE)
  Destination:            main/fifo/shreg_reg[15]_srl4___main_fifo_shreg_reg_r_2/D
  Path Group:             (none)
  Path Type:              Min at Fast Process Corner
  Data Path Delay:        0.263ns  (logic 0.164ns (62.300%)  route 0.099ns (37.700%))
  Logic Levels:           1  (FDSE=1)

    Location             Delay type                Incr(ns)  Path(ns)    Netlist Resource(s)
  -------------------------------------------------------------------    -------------------
    SLICE_X0Y2           FDSE                         0.000     0.000 r  main/fifo/shreg_reg[11]/C
    SLICE_X0Y2           FDSE (Prop_fdse_C_Q)         0.164     0.164 r  main/fifo/shreg_reg[11]/Q
                         net (fo=1, routed)           0.099     0.263    main/fifo/in5[12]
    SLICE_X2Y1           SRL16E                                       r  main/fifo/shreg_reg[15]_srl4___main_fifo_shreg_reg_r_2/D
  -------------------------------------------------------------------    -------------------

Slack:                    inf
  Source:                 main/fifo/shreg_reg[41]/C
                            (rising edge-triggered cell FDSE)
  Destination:            main/fifo/shreg_reg[42]/D
  Path Group:             (none)
  Path Type:              Min at Fast Process Corner
  Data Path Delay:        0.265ns  (logic 0.164ns (61.886%)  route 0.101ns (38.114%))
  Logic Levels:           1  (FDSE=1)

    Location             Delay type                Incr(ns)  Path(ns)    Netlist Resource(s)
  -------------------------------------------------------------------    -------------------
    SLICE_X2Y2           FDSE                         0.000     0.000 r  main/fifo/shreg_reg[41]/C
    SLICE_X2Y2           FDSE (Prop_fdse_C_Q)         0.164     0.164 r  main/fifo/shreg_reg[41]/Q
                         net (fo=1, routed)           0.101     0.265    main/fifo/in5[42]
    SLICE_X1Y2           FDRE                                         r  main/fifo/shreg_reg[42]/D
  -------------------------------------------------------------------    -------------------

Slack:                    inf
  Source:                 main/fifo/shreg_reg[10]/C
                            (rising edge-triggered cell FDRE)
  Destination:            main/fifo/shreg_reg[11]/D
  Path Group:             (none)
  Path Type:              Min at Fast Process Corner
  Data Path Delay:        0.273ns  (logic 0.186ns (68.106%)  route 0.087ns (31.894%))
  Logic Levels:           2  (FDRE=1 LUT2=1)

    Location             Delay type                Incr(ns)  Path(ns)    Netlist Resource(s)
  -------------------------------------------------------------------    -------------------
    SLICE_X1Y2           FDRE                         0.000     0.000 r  main/fifo/shreg_reg[10]/C
    SLICE_X1Y2           FDRE (Prop_fdre_C_Q)         0.141     0.141 r  main/fifo/shreg_reg[10]/Q
                         net (fo=1, routed)           0.087     0.228    main/fifo/in5[11]
    SLICE_X0Y2           LUT2 (Prop_lut2_I0_O)        0.045     0.273 r  main/fifo/shreg[11]_i_1/O
                         net (fo=1, routed)           0.000     0.273    main/fifo/shreg[11]_i_1_n_0
    SLICE_X0Y2           FDSE                                         r  main/fifo/shreg_reg[11]/D
  -------------------------------------------------------------------    -------------------

Slack:                    inf
  Source:                 main/fifo/shreg_reg[24]/C
                            (rising edge-triggered cell FDSE)
  Destination:            main/fifo/shreg_reg[25]/D
  Path Group:             (none)
  Path Type:              Min at Fast Process Corner
  Data Path Delay:        0.273ns  (logic 0.186ns (68.106%)  route 0.087ns (31.894%))
  Logic Levels:           2  (FDSE=1 LUT2=1)

    Location             Delay type                Incr(ns)  Path(ns)    Netlist Resource(s)
  -------------------------------------------------------------------    -------------------
    SLICE_X3Y2           FDSE                         0.000     0.000 r  main/fifo/shreg_reg[24]/C
    SLICE_X3Y2           FDSE (Prop_fdse_C_Q)         0.141     0.141 r  main/fifo/shreg_reg[24]/Q
                         net (fo=1, routed)           0.087     0.228    main/fifo/in5[25]
    SLICE_X2Y2           LUT2 (Prop_lut2_I0_O)        0.045     0.273 r  main/fifo/shreg[25]_i_1/O
                         net (fo=1, routed)           0.000     0.273    main/fifo/shreg[25]_i_1_n_0
    SLICE_X2Y2           FDSE                                         r  main/fifo/shreg_reg[25]/D
  -------------------------------------------------------------------    -------------------

Slack:                    inf
  Source:                 main/fifo/bit_cnt_reg[1]/C
                            (rising edge-triggered cell FDRE)
  Destination:            main/fifo/bit_cnt_reg[5]/D
  Path Group:             (none)
  Path Type:              Min at Fast Process Corner
  Data Path Delay:        0.273ns  (logic 0.186ns (68.028%)  route 0.087ns (31.972%))
  Logic Levels:           2  (FDRE=1 LUT6=1)

    Location             Delay type                Incr(ns)  Path(ns)    Netlist Resource(s)
  -------------------------------------------------------------------    -------------------
    SLICE_X1Y0           FDRE                         0.000     0.000 r  main/fifo/bit_cnt_reg[1]/C
    SLICE_X1Y0           FDRE (Prop_fdre_C_Q)         0.141     0.141 r  main/fifo/bit_cnt_reg[1]/Q
                         net (fo=6, routed)           0.087     0.228    main/fifo/bit_cnt_reg[1]
    SLICE_X0Y0           LUT6 (Prop_lut6_I2_O)        0.045     0.273 r  main/fifo/bit_cnt[5]_i_1/O
                         net (fo=1, routed)           0.000     0.273    main/fifo/bit_cnt[5]_i_1_n_0
    SLICE_X0Y0           FDRE                                         r  main/fifo/bit_cnt_reg[5]/D
  -------------------------------------------------------------------    -------------------

Slack:                    inf
  Source:                 main/fifo/shreg_reg[19]/C
                            (rising edge-triggered cell FDSE)
  Destination:            main/fifo/shreg_reg[21]_srl2___main_fifo_shreg_reg_r_0/D
  Path Group:             (none)
  Path Type:              Min at Fast Process Corner
  Data Path Delay:        0.274ns  (logic 0.164ns (59.853%)  route 0.110ns (40.147%))
  Logic Levels:           1  (FDSE=1)

    Location             Delay type                Incr(ns)  Path(ns)    Netlist Resource(s)
  -------------------------------------------------------------------    -------------------
    SLICE_X4Y2           FDSE                         0.000     0.000 r  main/fifo/shreg_reg[19]/C
    SLICE_X4Y2           FDSE (Prop_fdse_C_Q)         0.164     0.164 r  main/fifo/shreg_reg[19]/Q
                         net (fo=1, routed)           0.110     0.274    main/fifo/in5[20]
    SLICE_X4Y1           SRL16E                                       r  main/fifo/shreg_reg[21]_srl2___main_fifo_shreg_reg_r_0/D
  -------------------------------------------------------------------    -------------------





