Copyright 1986-2022 Xilinx, Inc. All Rights Reserved. Copyright 2022-2025 Advanced Micro Devices, Inc. All Rights Reserved.
---------------------------------------------------------------------------------------------------------------------------------------------
| Tool Version : Vivado v.2025.2 (lin64) Build 6299465 Fri Nov 14 12:34:56 MST 2025
| Date         : Thu Jun 18 15:01:44 2026
| Host         : Ruby-Legion5 running 64-bit Fedora Linux 44 (Workstation Edition)
| Command      : report_control_sets -verbose -file ZED_IRQ_control_sets_placed.rpt
| Design       : ZED_IRQ
| Device       : xc7z020
---------------------------------------------------------------------------------------------------------------------------------------------

Control Set Information

Table of Contents
-----------------
1. Summary
2. Histogram
3. Flip-Flop Distribution
4. Detailed Control Set Information

1. Summary
----------

+----------------------------------------------------------+-------+
|                          Status                          | Count |
+----------------------------------------------------------+-------+
| Total control sets                                       |    28 |
|    Minimum number of control sets                        |    28 |
|    Addition due to synthesis replication                 |     0 |
|    Addition due to physical synthesis replication        |     0 |
| Unused register locations in slices containing registers |    85 |
+----------------------------------------------------------+-------+
* Control sets can be merged at opt_design using control_set_merge or merge_equivalent_drivers
** Run report_qor_suggestions for automated merging and remapping suggestions


2. Histogram
------------

+--------------------+-------+
|       Fanout       | Count |
+--------------------+-------+
| Total control sets |    28 |
| >= 0 to < 4        |     3 |
| >= 4 to < 6        |     9 |
| >= 6 to < 8        |     2 |
| >= 8 to < 10       |     5 |
| >= 10 to < 12      |     0 |
| >= 12 to < 14      |     0 |
| >= 14 to < 16      |     0 |
| >= 16              |     9 |
+--------------------+-------+
* Control sets can be remapped at either synth_design or opt_design


3. Flip-Flop Distribution
-------------------------

+--------------+-----------------------+------------------------+-----------------+--------------+
| Clock Enable | Synchronous Set/Reset | Asynchronous Set/Reset | Total Registers | Total Slices |
+--------------+-----------------------+------------------------+-----------------+--------------+
| No           | No                    | No                     |              23 |            7 |
| No           | No                    | Yes                    |               0 |            0 |
| No           | Yes                   | No                     |              66 |           18 |
| Yes          | No                    | No                     |             223 |           53 |
| Yes          | No                    | Yes                    |               0 |            0 |
| Yes          | Yes                   | No                     |              75 |           25 |
+--------------+-----------------------+------------------------+-----------------+--------------+


4. Detailed Control Set Information
-----------------------------------

+---------------+----------------------------------+----------------------------------+------------------+----------------+--------------+
|  Clock Signal |           Enable Signal          |         Set/Reset Signal         | Slice Load Count | Bel Load Count | Bels / Slice |
+---------------+----------------------------------+----------------------------------+------------------+----------------+--------------+
|  FCLK_BUFG[0] | main/fifo/d_out0                 | main/fifo/load0                  |                1 |              1 |         1.00 |
|  FCLK_BUFG[0] | main/fifo/d_out_i_1_n_0          | main/fifo/d_out0                 |                1 |              1 |         1.00 |
|  FCLK_BUFG[0] | main/fifo/clk_out_i_1_n_0        |                                  |                1 |              1 |         1.00 |
|  FCLK_BUFG[0] | main/row_idx[0]                  |                                  |                1 |              4 |         4.00 |
|  FCLK_BUFG[0] | AXI_IO_1/E[0]                    |                                  |                2 |              4 |         2.00 |
|  FCLK_BUFG[0] | main/fifo/shreg[0]               | main/fifo/shreg[59]_i_1_n_0      |                1 |              4 |         4.00 |
|  FCLK_BUFG[0] | main/fifo/shreg[0]               | main/fifo/shreg[57]_i_1_n_0      |                1 |              4 |         4.00 |
|  FCLK_BUFG[0] | main/fifo/shreg[0]               | main/fifo/shreg[51]_i_1_n_0      |                2 |              4 |         2.00 |
|  FCLK_BUFG[0] | main/fifo/shreg[0]               | main/fifo/shreg[56]_i_1_n_0      |                1 |              4 |         4.00 |
|  FCLK_BUFG[0] | AXI_IO_1/S_AXI_RDATA[31]_i_1_n_0 |                                  |                4 |              5 |         1.25 |
|  FCLK_BUFG[0] | main/trans/state_n_0             |                                  |                2 |              5 |         2.50 |
|  FCLK_BUFG[0] | main/data[59]_i_2_n_0            | main/data0                       |                1 |              5 |         5.00 |
|  FCLK_BUFG[0] | AXI_IO_1/S_AXI_RDATA[31]_i_1_n_0 | AXI_IO_1/S_AXI_RDATA[29]_i_1_n_0 |                2 |              7 |         3.50 |
|  FCLK_BUFG[0] | main/fifo/clk_out_i_2_n_0        | main/fifo/d_out0                 |                2 |              7 |         3.50 |
|  FCLK_BUFG[0] | AXI_IO_1/ASCII_DATA[31]_i_1_n_0  |                                  |                2 |              8 |         4.00 |
|  FCLK_BUFG[0] | AXI_IO_1/ASCII_DATA[15]_i_1_n_0  |                                  |                3 |              8 |         2.67 |
|  FCLK_BUFG[0] | AXI_IO_1/CTRL_REG[7]_i_1_n_0     |                                  |                2 |              8 |         4.00 |
|  FCLK_BUFG[0] | AXI_IO_1/ASCII_DATA[7]_i_1_n_0   |                                  |                1 |              8 |         8.00 |
|  FCLK_BUFG[0] | AXI_IO_1/ASCII_DATA[23]_i_1_n_0  |                                  |                4 |              8 |         2.00 |
|  FCLK_BUFG[0] | main/fifo/shreg[0]               | main/fifo/shreg[58]_i_1_n_0      |                4 |             17 |         4.25 |
|  FCLK_BUFG[0] | main/fifo/shreg[0]               |                                  |                4 |             20 |         5.00 |
|  FCLK_BUFG[0] | AXI_IO_1/S_AXI_RDATA[31]_i_1_n_0 | AXI_IO_1/S_AXI_RDATA[30]_i_1_n_0 |                9 |             21 |         2.33 |
|  FCLK_BUFG[0] |                                  |                                  |                7 |             23 |         3.29 |
|  FCLK_BUFG[0] |                                  | AXI_IO_1/TMR_CNT[0]_i_1_n_0      |                8 |             32 |         4.00 |
|  FCLK_BUFG[0] | AXI_IO_1/TMR_Q[31]_i_1_n_0       |                                  |                6 |             32 |         5.33 |
|  FCLK_BUFG[0] |                                  | AXI_IO_1/clear                   |               10 |             34 |         3.40 |
|  FCLK_BUFG[0] | AXI_IO_1/R0_ADDR[0]              |                                  |                9 |             42 |         4.67 |
|  FCLK_BUFG[0] | AXI_IO_1/W0_ADDR[0]              |                                  |               12 |             78 |         6.50 |
+---------------+----------------------------------+----------------------------------+------------------+----------------+--------------+


