Copyright 1986-2022 Xilinx, Inc. All Rights Reserved. Copyright 2022-2025 Advanced Micro Devices, Inc. All Rights Reserved.
---------------------------------------------------------------------------------------------------------------------------------------------------------------------------------------------------------------------------------
| Tool Version : Vivado v.2025.2 (lin64) Build 6299465 Fri Nov 14 12:34:56 MST 2025
| Date         : Thu Jun 18 16:28:51 2026
| Host         : Ruby-Legion5 running 64-bit Fedora Linux 44 (Workstation Edition)
| Command      : report_timing_summary -max_paths 10 -routable_nets -report_unconstrained -file ZED_IRQ_timing_summary_routed.rpt -pb ZED_IRQ_timing_summary_routed.pb -rpx ZED_IRQ_timing_summary_routed.rpx -warn_on_violation
| Design       : ZED_IRQ
| Device       : 7z020-clg484
| Speed File   : -1  PRODUCTION 1.12 2019-11-22
| Design State : Routed
---------------------------------------------------------------------------------------------------------------------------------------------------------------------------------------------------------------------------------

Timing Summary Report

------------------------------------------------------------------------------------------------
| Timer Settings
| --------------
------------------------------------------------------------------------------------------------

  Enable Multi Corner Analysis               :  Yes
  Enable Pessimism Removal                   :  Yes
  Pessimism Removal Resolution               :  Nearest Common Node
  Enable Input Delay Default Clock           :  No
  Enable Preset / Clear Arcs                 :  No
  Disable Flight Delays                      :  No
  Ignore I/O Paths                           :  No
  Timing Early Launch at Borrowing Latches   :  No
  Borrow Time for Max Delay Exceptions       :  Yes
  Merge Timing Exceptions                    :  Yes
  Inter-SLR Compensation                     :  Conservative

  Corner  Analyze    Analyze    
  Name    Max Paths  Min Paths  
  ------  ---------  ---------  
  Slow    Yes        Yes        
  Fast    Yes        Yes        


------------------------------------------------------------------------------------------------
| Report Methodology
| ------------------
------------------------------------------------------------------------------------------------

Rule       Severity          Description                  Violations  
---------  ----------------  ---------------------------  ----------  
TIMING-17  Critical Warning  Non-clocked sequential cell  401         

Note: This report is based on the most recent report_methodology run and may not be up-to-date. Run report_methodology on the current design for the latest report.



check_timing report

Table of Contents
-----------------
1. checking no_clock (401)
2. checking constant_clock (0)
3. checking pulse_width_clock (0)
4. checking unconstrained_internal_endpoints (909)
5. checking no_input_delay (13)
6. checking no_output_delay (10)
7. checking multiple_clock (0)
8. checking generated_clocks (0)
9. checking loops (0)
10. checking partial_input_delay (0)
11. checking partial_output_delay (0)
12. checking latch_loops (0)

1. checking no_clock (401)
--------------------------
 There are 300 register/latch pins with no clock driven by root clock pin: CPU/FCLKCLK[0] (HIGH)

 There are 101 register/latch pins with no clock driven by root clock pin: div/clk_en_10mhz_reg/Q (HIGH)


2. checking constant_clock (0)
------------------------------
 There are 0 register/latch pins with constant_clock.


3. checking pulse_width_clock (0)
---------------------------------
 There are 0 register/latch pins which need pulse_width check


4. checking unconstrained_internal_endpoints (909)
--------------------------------------------------
 There are 909 pins that are not constrained for maximum delay. (HIGH)

 There are 0 pins that are not constrained for maximum delay due to constant clock.


5. checking no_input_delay (13)
-------------------------------
 There are 13 input ports with no input delay specified. (HIGH)

 There are 0 input ports with no input delay but user has a false path constraint.


6. checking no_output_delay (10)
--------------------------------
 There are 10 ports with no output delay specified. (HIGH)

 There are 0 ports with no output delay but user has a false path constraint

 There are 0 ports with no output delay but with a timing clock defined on it or propagating through it


7. checking multiple_clock (0)
------------------------------
 There are 0 register/latch pins with multiple clocks.


8. checking generated_clocks (0)
--------------------------------
 There are 0 generated clocks that are not connected to a clock source.


9. checking loops (0)
---------------------
 There are 0 combinational loops in the design.


10. checking partial_input_delay (0)
------------------------------------
 There are 0 input ports with partial input delay specified.


11. checking partial_output_delay (0)
-------------------------------------
 There are 0 ports with partial output delay specified.


12. checking latch_loops (0)
----------------------------
 There are 0 combinational latch loops in the design through latch input



------------------------------------------------------------------------------------------------
| Design Timing Summary
| ---------------------
------------------------------------------------------------------------------------------------

    WNS(ns)      TNS(ns)  TNS Failing Endpoints  TNS Total Endpoints      WHS(ns)      THS(ns)  THS Failing Endpoints  THS Total Endpoints     WPWS(ns)     TPWS(ns)  TPWS Failing Endpoints  TPWS Total Endpoints  
    -------      -------  ---------------------  -------------------      -------      -------  ---------------------  -------------------     --------     --------  ----------------------  --------------------  
        inf        0.000                      0                  920          inf        0.000                      0                  920           NA           NA                      NA                    NA  


There are no user specified timing constraints.


------------------------------------------------------------------------------------------------
| Clock Summary
| -------------
------------------------------------------------------------------------------------------------


------------------------------------------------------------------------------------------------
| Intra Clock Table
| -----------------
------------------------------------------------------------------------------------------------

Clock             WNS(ns)      TNS(ns)  TNS Failing Endpoints  TNS Total Endpoints      WHS(ns)      THS(ns)  THS Failing Endpoints  THS Total Endpoints     WPWS(ns)     TPWS(ns)  TPWS Failing Endpoints  TPWS Total Endpoints  
-----             -------      -------  ---------------------  -------------------      -------      -------  ---------------------  -------------------     --------     --------  ----------------------  --------------------  


------------------------------------------------------------------------------------------------
| Inter Clock Table
| -----------------
------------------------------------------------------------------------------------------------

From Clock    To Clock          WNS(ns)      TNS(ns)  TNS Failing Endpoints  TNS Total Endpoints      WHS(ns)      THS(ns)  THS Failing Endpoints  THS Total Endpoints  
----------    --------          -------      -------  ---------------------  -------------------      -------      -------  ---------------------  -------------------  


------------------------------------------------------------------------------------------------
| Other Path Groups Table
| -----------------------
------------------------------------------------------------------------------------------------

Path Group    From Clock    To Clock          WNS(ns)      TNS(ns)  TNS Failing Endpoints  TNS Total Endpoints      WHS(ns)      THS(ns)  THS Failing Endpoints  THS Total Endpoints  
----------    ----------    --------          -------      -------  ---------------------  -------------------      -------      -------  ---------------------  -------------------  


------------------------------------------------------------------------------------------------
| User Ignored Path Table
| -----------------------
------------------------------------------------------------------------------------------------

Path Group    From Clock    To Clock    
----------    ----------    --------    


------------------------------------------------------------------------------------------------
| Unconstrained Path Table
| ------------------------
------------------------------------------------------------------------------------------------

Path Group    From Clock    To Clock    
----------    ----------    --------    
(none)                                    


------------------------------------------------------------------------------------------------
| Timing Details
| --------------
------------------------------------------------------------------------------------------------


--------------------------------------------------------------------------------------
Path Group:  (none)
From Clock:  
  To Clock:  

Max Delay           920 Endpoints
Min Delay           920 Endpoints
--------------------------------------------------------------------------------------


Max Delay Paths
--------------------------------------------------------------------------------------
Slack:                    inf
  Source:                 SW[0]
                            (input port)
  Destination:            LED[5]
                            (output port)
  Path Group:             (none)
  Path Type:              Max at Slow Process Corner
  Data Path Delay:        13.193ns  (logic 4.857ns (36.814%)  route 8.336ns (63.186%))
  Logic Levels:           3  (IBUF=1 LUT4=1 OBUF=1)

    Location             Delay type                Incr(ns)  Path(ns)    Netlist Resource(s)
  -------------------------------------------------------------------    -------------------
    F22                                               0.000     0.000 r  SW[0] (IN)
                         net (fo=0)                   0.000     0.000    SW[0]
    F22                  IBUF (Prop_ibuf_I_O)         0.972     0.972 r  SW_IBUF[0]_inst/O
                         net (fo=9, routed)           5.053     6.025    AXI_IO_1/SW_IBUF[0]
    SLICE_X69Y48         LUT4 (Prop_lut4_I1_O)        0.152     6.177 r  AXI_IO_1/LED_OBUF[5]_inst_i_1/O
                         net (fo=1, routed)           3.283     9.460    LED_OBUF[5]
    W22                  OBUF (Prop_obuf_I_O)         3.733    13.193 r  LED_OBUF[5]_inst/O
                         net (fo=0)                   0.000    13.193    LED[5]
    W22                                                               r  LED[5] (OUT)
  -------------------------------------------------------------------    -------------------

Slack:                    inf
  Source:                 SW[0]
                            (input port)
  Destination:            LED[6]
                            (output port)
  Path Group:             (none)
  Path Type:              Max at Slow Process Corner
  Data Path Delay:        12.807ns  (logic 4.838ns (37.775%)  route 7.969ns (62.225%))
  Logic Levels:           3  (IBUF=1 LUT4=1 OBUF=1)

    Location             Delay type                Incr(ns)  Path(ns)    Netlist Resource(s)
  -------------------------------------------------------------------    -------------------
    F22                                               0.000     0.000 r  SW[0] (IN)
                         net (fo=0)                   0.000     0.000    SW[0]
    F22                  IBUF (Prop_ibuf_I_O)         0.972     0.972 r  SW_IBUF[0]_inst/O
                         net (fo=9, routed)           5.013     5.984    AXI_IO_1/SW_IBUF[0]
    SLICE_X69Y49         LUT4 (Prop_lut4_I1_O)        0.152     6.136 r  AXI_IO_1/LED_OBUF[6]_inst_i_1/O
                         net (fo=1, routed)           2.957     9.093    LED_OBUF[6]
    U19                  OBUF (Prop_obuf_I_O)         3.714    12.807 r  LED_OBUF[6]_inst/O
                         net (fo=0)                   0.000    12.807    LED[6]
    U19                                                               r  LED[6] (OUT)
  -------------------------------------------------------------------    -------------------

Slack:                    inf
  Source:                 SW[0]
                            (input port)
  Destination:            LED[2]
                            (output port)
  Path Group:             (none)
  Path Type:              Max at Slow Process Corner
  Data Path Delay:        12.755ns  (logic 4.627ns (36.274%)  route 8.128ns (63.726%))
  Logic Levels:           3  (IBUF=1 LUT5=1 OBUF=1)

    Location             Delay type                Incr(ns)  Path(ns)    Netlist Resource(s)
  -------------------------------------------------------------------    -------------------
    F22                                               0.000     0.000 r  SW[0] (IN)
                         net (fo=0)                   0.000     0.000    SW[0]
    F22                  IBUF (Prop_ibuf_I_O)         0.972     0.972 r  SW_IBUF[0]_inst/O
                         net (fo=9, routed)           5.013     5.984    AXI_IO_1/SW_IBUF[0]
    SLICE_X69Y49         LUT5 (Prop_lut5_I4_O)        0.124     6.108 r  AXI_IO_1/LED_OBUF[2]_inst_i_1/O
                         net (fo=1, routed)           3.116     9.224    LED_OBUF[2]
    U22                  OBUF (Prop_obuf_I_O)         3.531    12.755 r  LED_OBUF[2]_inst/O
                         net (fo=0)                   0.000    12.755    LED[2]
    U22                                                               r  LED[2] (OUT)
  -------------------------------------------------------------------    -------------------

Slack:                    inf
  Source:                 SW[0]
                            (input port)
  Destination:            LED[1]
                            (output port)
  Path Group:             (none)
  Path Type:              Max at Slow Process Corner
  Data Path Delay:        12.600ns  (logic 4.609ns (36.582%)  route 7.991ns (63.418%))
  Logic Levels:           3  (IBUF=1 LUT5=1 OBUF=1)

    Location             Delay type                Incr(ns)  Path(ns)    Netlist Resource(s)
  -------------------------------------------------------------------    -------------------
    F22                                               0.000     0.000 r  SW[0] (IN)
                         net (fo=0)                   0.000     0.000    SW[0]
    F22                  IBUF (Prop_ibuf_I_O)         0.972     0.972 r  SW_IBUF[0]_inst/O
                         net (fo=9, routed)           5.053     6.025    AXI_IO_1/SW_IBUF[0]
    SLICE_X69Y48         LUT5 (Prop_lut5_I4_O)        0.124     6.149 r  AXI_IO_1/LED_OBUF[1]_inst_i_1/O
                         net (fo=1, routed)           2.938     9.087    LED_OBUF[1]
    T21                  OBUF (Prop_obuf_I_O)         3.514    12.600 r  LED_OBUF[1]_inst/O
                         net (fo=0)                   0.000    12.600    LED[1]
    T21                                                               r  LED[1] (OUT)
  -------------------------------------------------------------------    -------------------

Slack:                    inf
  Source:                 SW[1]
                            (input port)
  Destination:            LED[4]
                            (output port)
  Path Group:             (none)
  Path Type:              Max at Slow Process Corner
  Data Path Delay:        12.338ns  (logic 4.615ns (37.407%)  route 7.723ns (62.593%))
  Logic Levels:           3  (IBUF=1 LUT4=1 OBUF=1)

    Location             Delay type                Incr(ns)  Path(ns)    Netlist Resource(s)
  -------------------------------------------------------------------    -------------------
    G22                                               0.000     0.000 r  SW[1] (IN)
                         net (fo=0)                   0.000     0.000    SW[1]
    G22                  IBUF (Prop_ibuf_I_O)         0.954     0.954 r  SW_IBUF[1]_inst/O
                         net (fo=9, routed)           4.469     5.423    AXI_IO_1/SW_IBUF[1]
    SLICE_X69Y48         LUT4 (Prop_lut4_I3_O)        0.124     5.547 r  AXI_IO_1/LED_OBUF[4]_inst_i_1/O
                         net (fo=1, routed)           3.254     8.801    LED_OBUF[4]
    V22                  OBUF (Prop_obuf_I_O)         3.537    12.338 r  LED_OBUF[4]_inst/O
                         net (fo=0)                   0.000    12.338    LED[4]
    V22                                                               r  LED[4] (OUT)
  -------------------------------------------------------------------    -------------------

Slack:                    inf
  Source:                 SW[1]
                            (input port)
  Destination:            LED[0]
                            (output port)
  Path Group:             (none)
  Path Type:              Max at Slow Process Corner
  Data Path Delay:        12.286ns  (logic 4.835ns (39.352%)  route 7.451ns (60.648%))
  Logic Levels:           3  (IBUF=1 LUT5=1 OBUF=1)

    Location             Delay type                Incr(ns)  Path(ns)    Netlist Resource(s)
  -------------------------------------------------------------------    -------------------
    G22                                               0.000     0.000 r  SW[1] (IN)
                         net (fo=0)                   0.000     0.000    SW[1]
    G22                  IBUF (Prop_ibuf_I_O)         0.954     0.954 r  SW_IBUF[1]_inst/O
                         net (fo=9, routed)           4.469     5.423    AXI_IO_1/SW_IBUF[1]
    SLICE_X69Y48         LUT5 (Prop_lut5_I3_O)        0.150     5.573 r  AXI_IO_1/LED_OBUF[0]_inst_i_1/O
                         net (fo=1, routed)           2.982     8.556    LED_OBUF[0]
    T22                  OBUF (Prop_obuf_I_O)         3.730    12.286 r  LED_OBUF[0]_inst/O
                         net (fo=0)                   0.000    12.286    LED[0]
    T22                                                               r  LED[0] (OUT)
  -------------------------------------------------------------------    -------------------

Slack:                    inf
  Source:                 SW[0]
                            (input port)
  Destination:            LED[7]
                            (output port)
  Path Group:             (none)
  Path Type:              Max at Slow Process Corner
  Data Path Delay:        10.835ns  (logic 4.598ns (42.433%)  route 6.238ns (57.567%))
  Logic Levels:           3  (IBUF=1 LUT4=1 OBUF=1)

    Location             Delay type                Incr(ns)  Path(ns)    Netlist Resource(s)
  -------------------------------------------------------------------    -------------------
    F22                                               0.000     0.000 r  SW[0] (IN)
                         net (fo=0)                   0.000     0.000    SW[0]
    F22                  IBUF (Prop_ibuf_I_O)         0.972     0.972 r  SW_IBUF[0]_inst/O
                         net (fo=9, routed)           3.044     4.016    SW_IBUF[0]
    SLICE_X112Y48        LUT4 (Prop_lut4_I1_O)        0.124     4.140 r  LED_OBUF[7]_inst_i_1/O
                         net (fo=1, routed)           3.193     7.333    LED_OBUF[7]
    U14                  OBUF (Prop_obuf_I_O)         3.502    10.835 r  LED_OBUF[7]_inst/O
                         net (fo=0)                   0.000    10.835    LED[7]
    U14                                                               r  LED[7] (OUT)
  -------------------------------------------------------------------    -------------------

Slack:                    inf
  Source:                 main/fifo/d_out_reg/C
                            (rising edge-triggered cell FDRE)
  Destination:            MAX_DIN
                            (output port)
  Path Group:             (none)
  Path Type:              Max at Slow Process Corner
  Data Path Delay:        9.622ns  (logic 4.009ns (41.671%)  route 5.612ns (58.329%))
  Logic Levels:           2  (FDRE=1 OBUF=1)

    Location             Delay type                Incr(ns)  Path(ns)    Netlist Resource(s)
  -------------------------------------------------------------------    -------------------
    SLICE_X35Y90         FDRE                         0.000     0.000 r  main/fifo/d_out_reg/C
    SLICE_X35Y90         FDRE (Prop_fdre_C_Q)         0.456     0.456 r  main/fifo/d_out_reg/Q
                         net (fo=1, routed)           5.612     6.068    MAX_DIN_OBUF
    Y19                  OBUF (Prop_obuf_I_O)         3.553     9.622 r  MAX_DIN_OBUF_inst/O
                         net (fo=0)                   0.000     9.622    MAX_DIN
    Y19                                                               r  MAX_DIN (OUT)
  -------------------------------------------------------------------    -------------------

Slack:                    inf
  Source:                 SW[0]
                            (input port)
  Destination:            LED[3]
                            (output port)
  Path Group:             (none)
  Path Type:              Max at Slow Process Corner
  Data Path Delay:        9.336ns  (logic 4.626ns (49.545%)  route 4.710ns (50.455%))
  Logic Levels:           3  (IBUF=1 LUT5=1 OBUF=1)

    Location             Delay type                Incr(ns)  Path(ns)    Netlist Resource(s)
  -------------------------------------------------------------------    -------------------
    F22                                               0.000     0.000 r  SW[0] (IN)
                         net (fo=0)                   0.000     0.000    SW[0]
    F22                  IBUF (Prop_ibuf_I_O)         0.972     0.972 r  SW_IBUF[0]_inst/O
                         net (fo=9, routed)           3.033     4.005    AXI_IO_1/SW_IBUF[0]
    SLICE_X112Y48        LUT5 (Prop_lut5_I4_O)        0.124     4.129 r  AXI_IO_1/LED_OBUF[3]_inst_i_1/O
                         net (fo=1, routed)           1.677     5.806    LED_OBUF[3]
    U21                  OBUF (Prop_obuf_I_O)         3.530     9.336 r  LED_OBUF[3]_inst/O
                         net (fo=0)                   0.000     9.336    LED[3]
    U21                                                               r  LED[3] (OUT)
  -------------------------------------------------------------------    -------------------

Slack:                    inf
  Source:                 SW[0]
                            (input port)
  Destination:            AXI_IO_1/S_AXI_RDATA_reg[0]/D
  Path Group:             (none)
  Path Type:              Max at Slow Process Corner
  Data Path Delay:        9.053ns  (logic 1.220ns (13.474%)  route 7.833ns (86.526%))
  Logic Levels:           3  (IBUF=1 LUT5=1 LUT6=1)

    Location             Delay type                Incr(ns)  Path(ns)    Netlist Resource(s)
  -------------------------------------------------------------------    -------------------
    F22                                               0.000     0.000 r  SW[0] (IN)
                         net (fo=0)                   0.000     0.000    SW[0]
    F22                  IBUF (Prop_ibuf_I_O)         0.972     0.972 r  SW_IBUF[0]_inst/O
                         net (fo=9, routed)           7.177     8.149    AXI_IO_1/SW_IBUF[0]
    SLICE_X30Y91         LUT6 (Prop_lut6_I0_O)        0.124     8.273 r  AXI_IO_1/S_AXI_RDATA[0]_i_3/O
                         net (fo=1, routed)           0.656     8.929    AXI_IO_1/S_AXI_RDATA[0]_i_3_n_0
    SLICE_X31Y91         LUT5 (Prop_lut5_I2_O)        0.124     9.053 r  AXI_IO_1/S_AXI_RDATA[0]_i_1/O
                         net (fo=1, routed)           0.000     9.053    AXI_IO_1/S_AXI_RDATA[0]_i_1_n_0
    SLICE_X31Y91         FDRE                                         r  AXI_IO_1/S_AXI_RDATA_reg[0]/D
  -------------------------------------------------------------------    -------------------





Min Delay Paths
--------------------------------------------------------------------------------------
Slack:                    inf
  Source:                 main/fifo/shreg_reg_r_0/C
                            (rising edge-triggered cell FDRE)
  Destination:            main/fifo/shreg_reg_r_1/D
  Path Group:             (none)
  Path Type:              Min at Fast Process Corner
  Data Path Delay:        0.197ns  (logic 0.141ns (71.611%)  route 0.056ns (28.389%))
  Logic Levels:           1  (FDRE=1)

    Location             Delay type                Incr(ns)  Path(ns)    Netlist Resource(s)
  -------------------------------------------------------------------    -------------------
    SLICE_X35Y92         FDRE                         0.000     0.000 r  main/fifo/shreg_reg_r_0/C
    SLICE_X35Y92         FDRE (Prop_fdre_C_Q)         0.141     0.141 r  main/fifo/shreg_reg_r_0/Q
                         net (fo=1, routed)           0.056     0.197    main/fifo/shreg_reg_r_0_n_0
    SLICE_X35Y92         FDRE                                         r  main/fifo/shreg_reg_r_1/D
  -------------------------------------------------------------------    -------------------

Slack:                    inf
  Source:                 AXI_IO_1/W0_DATA_reg[27]/C
                            (rising edge-triggered cell FDRE)
  Destination:            AXI_IO_1/TMR_Q_reg[27]/D
  Path Group:             (none)
  Path Type:              Min at Fast Process Corner
  Data Path Delay:        0.203ns  (logic 0.128ns (62.981%)  route 0.075ns (37.019%))
  Logic Levels:           1  (FDRE=1)

    Location             Delay type                Incr(ns)  Path(ns)    Netlist Resource(s)
  -------------------------------------------------------------------    -------------------
    SLICE_X27Y98         FDRE                         0.000     0.000 r  AXI_IO_1/W0_DATA_reg[27]/C
    SLICE_X27Y98         FDRE (Prop_fdre_C_Q)         0.128     0.128 r  AXI_IO_1/W0_DATA_reg[27]/Q
                         net (fo=2, routed)           0.075     0.203    AXI_IO_1/W0_DATA__0[27]
    SLICE_X26Y98         FDRE                                         r  AXI_IO_1/TMR_Q_reg[27]/D
  -------------------------------------------------------------------    -------------------

Slack:                    inf
  Source:                 AXI_IO_1/W0_DATA_reg[12]/C
                            (rising edge-triggered cell FDRE)
  Destination:            AXI_IO_1/TMR_Q_reg[12]/D
  Path Group:             (none)
  Path Type:              Min at Fast Process Corner
  Data Path Delay:        0.251ns  (logic 0.128ns (50.978%)  route 0.123ns (49.022%))
  Logic Levels:           1  (FDRE=1)

    Location             Delay type                Incr(ns)  Path(ns)    Netlist Resource(s)
  -------------------------------------------------------------------    -------------------
    SLICE_X27Y95         FDRE                         0.000     0.000 r  AXI_IO_1/W0_DATA_reg[12]/C
    SLICE_X27Y95         FDRE (Prop_fdre_C_Q)         0.128     0.128 r  AXI_IO_1/W0_DATA_reg[12]/Q
                         net (fo=2, routed)           0.123     0.251    AXI_IO_1/W0_DATA__0[12]
    SLICE_X31Y95         FDRE                                         r  AXI_IO_1/TMR_Q_reg[12]/D
  -------------------------------------------------------------------    -------------------

Slack:                    inf
  Source:                 main/trans/FSM_onehot_state_reg[3]/C
                            (rising edge-triggered cell FDRE)
  Destination:            main/trans/idx_reg[0]/D
  Path Group:             (none)
  Path Type:              Min at Fast Process Corner
  Data Path Delay:        0.253ns  (logic 0.186ns (73.517%)  route 0.067ns (26.483%))
  Logic Levels:           2  (FDRE=1 LUT3=1)

    Location             Delay type                Incr(ns)  Path(ns)    Netlist Resource(s)
  -------------------------------------------------------------------    -------------------
    SLICE_X33Y97         FDRE                         0.000     0.000 r  main/trans/FSM_onehot_state_reg[3]/C
    SLICE_X33Y97         FDRE (Prop_fdre_C_Q)         0.141     0.141 r  main/trans/FSM_onehot_state_reg[3]/Q
                         net (fo=7, routed)           0.067     0.208    main/trans/FSM_onehot_state_reg_n_0_[3]
    SLICE_X32Y97         LUT3 (Prop_lut3_I1_O)        0.045     0.253 r  main/trans/idx[0]_i_1/O
                         net (fo=1, routed)           0.000     0.253    main/trans/idx[0]_i_1_n_0
    SLICE_X32Y97         FDRE                                         r  main/trans/idx_reg[0]/D
  -------------------------------------------------------------------    -------------------

Slack:                    inf
  Source:                 main/fifo/FSM_onehot_state_reg[0]/C
                            (rising edge-triggered cell FDRE)
  Destination:            main/fifo/load_reg/CE
  Path Group:             (none)
  Path Type:              Min at Fast Process Corner
  Data Path Delay:        0.255ns  (logic 0.141ns (55.393%)  route 0.114ns (44.607%))
  Logic Levels:           1  (FDRE=1)

    Location             Delay type                Incr(ns)  Path(ns)    Netlist Resource(s)
  -------------------------------------------------------------------    -------------------
    SLICE_X31Y88         FDRE                         0.000     0.000 r  main/fifo/FSM_onehot_state_reg[0]/C
    SLICE_X31Y88         FDRE (Prop_fdre_C_Q)         0.141     0.141 r  main/fifo/FSM_onehot_state_reg[0]/Q
                         net (fo=25, routed)          0.114     0.255    main/fifo/d_out0
    SLICE_X30Y88         FDSE                                         r  main/fifo/load_reg/CE
  -------------------------------------------------------------------    -------------------

Slack:                    inf
  Source:                 AXI_IO_1/W0_DATA_reg[12]/C
                            (rising edge-triggered cell FDRE)
  Destination:            AXI_IO_1/ASCII_DATA_reg[12]/D
  Path Group:             (none)
  Path Type:              Min at Fast Process Corner
  Data Path Delay:        0.257ns  (logic 0.128ns (49.788%)  route 0.129ns (50.212%))
  Logic Levels:           1  (FDRE=1)

    Location             Delay type                Incr(ns)  Path(ns)    Netlist Resource(s)
  -------------------------------------------------------------------    -------------------
    SLICE_X27Y95         FDRE                         0.000     0.000 r  AXI_IO_1/W0_DATA_reg[12]/C
    SLICE_X27Y95         FDRE (Prop_fdre_C_Q)         0.128     0.128 r  AXI_IO_1/W0_DATA_reg[12]/Q
                         net (fo=2, routed)           0.129     0.257    AXI_IO_1/W0_DATA__0[12]
    SLICE_X30Y95         FDRE                                         r  AXI_IO_1/ASCII_DATA_reg[12]/D
  -------------------------------------------------------------------    -------------------

Slack:                    inf
  Source:                 AXI_IO_1/W0_DATA_reg[6]/C
                            (rising edge-triggered cell FDRE)
  Destination:            AXI_IO_1/ASCII_DATA_reg[6]/D
  Path Group:             (none)
  Path Type:              Min at Fast Process Corner
  Data Path Delay:        0.258ns  (logic 0.128ns (49.665%)  route 0.130ns (50.335%))
  Logic Levels:           1  (FDRE=1)

    Location             Delay type                Incr(ns)  Path(ns)    Netlist Resource(s)
  -------------------------------------------------------------------    -------------------
    SLICE_X29Y93         FDRE                         0.000     0.000 r  AXI_IO_1/W0_DATA_reg[6]/C
    SLICE_X29Y93         FDRE (Prop_fdre_C_Q)         0.128     0.128 r  AXI_IO_1/W0_DATA_reg[6]/Q
                         net (fo=3, routed)           0.130     0.258    AXI_IO_1/W0_DATA__0[6]
    SLICE_X29Y92         FDRE                                         r  AXI_IO_1/ASCII_DATA_reg[6]/D
  -------------------------------------------------------------------    -------------------

Slack:                    inf
  Source:                 AXI_IO_1/W0_DATA_reg[13]/C
                            (rising edge-triggered cell FDRE)
  Destination:            AXI_IO_1/ASCII_DATA_reg[13]/D
  Path Group:             (none)
  Path Type:              Min at Fast Process Corner
  Data Path Delay:        0.258ns  (logic 0.128ns (49.586%)  route 0.130ns (50.414%))
  Logic Levels:           1  (FDRE=1)

    Location             Delay type                Incr(ns)  Path(ns)    Netlist Resource(s)
  -------------------------------------------------------------------    -------------------
    SLICE_X27Y95         FDRE                         0.000     0.000 r  AXI_IO_1/W0_DATA_reg[13]/C
    SLICE_X27Y95         FDRE (Prop_fdre_C_Q)         0.128     0.128 r  AXI_IO_1/W0_DATA_reg[13]/Q
                         net (fo=2, routed)           0.130     0.258    AXI_IO_1/W0_DATA__0[13]
    SLICE_X30Y95         FDRE                                         r  AXI_IO_1/ASCII_DATA_reg[13]/D
  -------------------------------------------------------------------    -------------------

Slack:                    inf
  Source:                 main/fifo/shreg_reg[51]/C
                            (rising edge-triggered cell FDSE)
  Destination:            main/fifo/shreg_reg[53]_srl2___main_fifo_shreg_reg_r_0/D
  Path Group:             (none)
  Path Type:              Min at Fast Process Corner
  Data Path Delay:        0.262ns  (logic 0.148ns (56.487%)  route 0.114ns (43.513%))
  Logic Levels:           1  (FDSE=1)

    Location             Delay type                Incr(ns)  Path(ns)    Netlist Resource(s)
  -------------------------------------------------------------------    -------------------
    SLICE_X34Y93         FDSE                         0.000     0.000 r  main/fifo/shreg_reg[51]/C
    SLICE_X34Y93         FDSE (Prop_fdse_C_Q)         0.148     0.148 r  main/fifo/shreg_reg[51]/Q
                         net (fo=1, routed)           0.114     0.262    main/fifo/in5[52]
    SLICE_X34Y92         SRL16E                                       r  main/fifo/shreg_reg[53]_srl2___main_fifo_shreg_reg_r_0/D
  -------------------------------------------------------------------    -------------------

Slack:                    inf
  Source:                 AXI_IO_1/W0_DATA_reg[26]/C
                            (rising edge-triggered cell FDRE)
  Destination:            AXI_IO_1/TMR_Q_reg[26]/D
  Path Group:             (none)
  Path Type:              Min at Fast Process Corner
  Data Path Delay:        0.264ns  (logic 0.128ns (48.539%)  route 0.136ns (51.461%))
  Logic Levels:           1  (FDRE=1)

    Location             Delay type                Incr(ns)  Path(ns)    Netlist Resource(s)
  -------------------------------------------------------------------    -------------------
    SLICE_X27Y98         FDRE                         0.000     0.000 r  AXI_IO_1/W0_DATA_reg[26]/C
    SLICE_X27Y98         FDRE (Prop_fdre_C_Q)         0.128     0.128 r  AXI_IO_1/W0_DATA_reg[26]/Q
                         net (fo=2, routed)           0.136     0.264    AXI_IO_1/W0_DATA__0[26]
    SLICE_X30Y98         FDRE                                         r  AXI_IO_1/TMR_Q_reg[26]/D
  -------------------------------------------------------------------    -------------------





